Component: ARM Compiler 5.06 update 1 (build 61) Tool: armlink [4d35a8]

==============================================================================

Section Cross References

    startup_stm32f103xe.o(STACK) refers (Special) to heapauxi.o(.text) for __use_two_region_memory
    startup_stm32f103xe.o(HEAP) refers (Special) to heapauxi.o(.text) for __use_two_region_memory
    startup_stm32f103xe.o(RESET) refers (Special) to heapauxi.o(.text) for __use_two_region_memory
    startup_stm32f103xe.o(RESET) refers to startup_stm32f103xe.o(STACK) for __initial_sp
    startup_stm32f103xe.o(RESET) refers to startup_stm32f103xe.o(.text) for Reset_Handler
    startup_stm32f103xe.o(RESET) refers to stm32f1xx_it.o(i.NMI_Handler) for NMI_Handler
    startup_stm32f103xe.o(RESET) refers to stm32f1xx_it.o(i.HardFault_Handler) for HardFault_Handler
    startup_stm32f103xe.o(RESET) refers to stm32f1xx_it.o(i.MemManage_Handler) for MemManage_Handler
    startup_stm32f103xe.o(RESET) refers to stm32f1xx_it.o(i.BusFault_Handler) for BusFault_Handler
    startup_stm32f103xe.o(RESET) refers to stm32f1xx_it.o(i.UsageFault_Handler) for UsageFault_Handler
    startup_stm32f103xe.o(RESET) refers to stm32f1xx_it.o(i.SVC_Handler) for SVC_Handler
    startup_stm32f103xe.o(RESET) refers to stm32f1xx_it.o(i.DebugMon_Handler) for DebugMon_Handler
    startup_stm32f103xe.o(RESET) refers to stm32f1xx_it.o(i.PendSV_Handler) for PendSV_Handler
    startup_stm32f103xe.o(RESET) refers to stm32f1xx_it.o(i.SysTick_Handler) for SysTick_Handler
    startup_stm32f103xe.o(RESET) refers to stm32f1xx_it.o(i.TIM2_IRQHandler) for TIM2_IRQHandler
    startup_stm32f103xe.o(RESET) refers to stm32f1xx_it.o(i.USART2_IRQHandler) for USART2_IRQHandler
    startup_stm32f103xe.o(.text) refers (Special) to heapauxi.o(.text) for __use_two_region_memory
    startup_stm32f103xe.o(.text) refers to system_stm32f1xx.o(i.SystemInit) for SystemInit
    startup_stm32f103xe.o(.text) refers to __main.o(!!!main) for __main
    startup_stm32f103xe.o(.text) refers to startup_stm32f103xe.o(HEAP) for Heap_Mem
    startup_stm32f103xe.o(.text) refers to startup_stm32f103xe.o(STACK) for Stack_Mem
    main.o(i.MX_GPIO_Init) refers to stm32f1xx_hal_gpio.o(i.HAL_GPIO_WritePin) for HAL_GPIO_WritePin
    main.o(i.MX_GPIO_Init) refers to stm32f1xx_hal_gpio.o(i.HAL_GPIO_Init) for HAL_GPIO_Init
    main.o(i.MX_TIM2_Init) refers to stm32f1xx_hal_tim.o(i.HAL_TIM_Base_Init) for HAL_TIM_Base_Init
    main.o(i.MX_TIM2_Init) refers to stm32f1xx_hal_tim.o(i.HAL_TIM_ConfigClockSource) for HAL_TIM_ConfigClockSource
    main.o(i.MX_TIM2_Init) refers to stm32f1xx_hal_tim_ex.o(i.HAL_TIMEx_MasterConfigSynchronization) for HAL_TIMEx_MasterConfigSynchronization
    main.o(i.MX_TIM2_Init) refers to main.o(.bss) for .bss
    main.o(i.SystemClock_Config) refers to rt_memclr_w.o(.text) for __aeabi_memclr4
    main.o(i.SystemClock_Config) refers to stm32f1xx_hal_rcc.o(i.HAL_RCC_OscConfig) for HAL_RCC_OscConfig
    main.o(i.SystemClock_Config) refers to stm32f1xx_hal_rcc.o(i.HAL_RCC_ClockConfig) for HAL_RCC_ClockConfig
    main.o(i.fputc) refers to strlen.o(.text) for strlen
    main.o(i.fputc) refers to stm32f1xx_hal_uart.o(i.HAL_UART_Transmit) for HAL_UART_Transmit
    main.o(i.fputc) refers to main.o(.bss) for .bss
    main.o(i.main) refers to _printf_percent.o(.ARM.Collect$$_printf_percent$$00000000) for _printf_percent
    main.o(i.main) refers to _printf_d.o(.ARM.Collect$$_printf_percent$$00000009) for _printf_d
    main.o(i.main) refers to _printf_dec.o(.text) for _printf_int_dec
    main.o(i.main) refers to stm32f1xx_hal.o(i.HAL_Init) for HAL_Init
    main.o(i.main) refers to main.o(i.SystemClock_Config) for SystemClock_Config
    main.o(i.main) refers to main.o(i.MX_GPIO_Init) for MX_GPIO_Init
    main.o(i.main) refers to main.o(i.MX_TIM2_Init) for MX_TIM2_Init
    main.o(i.main) refers to stm32f1xx_hal_uart.o(i.HAL_UART_Init) for HAL_UART_Init
    main.o(i.main) refers to stm32f1xx_hal_tim.o(i.HAL_TIM_Base_Start) for HAL_TIM_Base_Start
    main.o(i.main) refers to noretval__2printf.o(.text) for __2printf
    main.o(i.main) refers to stm32f1xx_hal_gpio.o(i.HAL_GPIO_ReadPin) for HAL_GPIO_ReadPin
    main.o(i.main) refers to stm32f1xx_hal.o(i.HAL_Delay) for HAL_Delay
    main.o(i.main) refers to stm32f1xx_hal_gpio.o(i.HAL_GPIO_WritePin) for HAL_GPIO_WritePin
    main.o(i.main) refers to main.o(.bss) for .bss
    main.o(i.main) refers to main.o(.data) for .data
    stm32f1xx_it.o(i.SysTick_Handler) refers to stm32f1xx_hal.o(i.HAL_IncTick) for HAL_IncTick
    stm32f1xx_it.o(i.TIM2_IRQHandler) refers to stm32f1xx_hal_tim.o(i.HAL_TIM_IRQHandler) for HAL_TIM_IRQHandler
    stm32f1xx_it.o(i.TIM2_IRQHandler) refers to main.o(.bss) for htim2
    stm32f1xx_it.o(i.USART2_IRQHandler) refers to stm32f1xx_hal_uart.o(i.HAL_UART_IRQHandler) for HAL_UART_IRQHandler
    stm32f1xx_it.o(i.USART2_IRQHandler) refers to main.o(.bss) for huart2
[...]
    ../clib/angel/sys.s                      0x00000000   Number         0  sys_stackheap_outer.o ABSOLUTE
    ../clib/angel/sys.s                      0x00000000   Number         0  mutex_dummy.o ABSOLUTE
    ../clib/angel/sysapp.c                   0x00000000   Number         0  sys_exit.o ABSOLUTE
    ../clib/angel/sysapp.c                   0x00000000   Number         0  sys_io.o ABSOLUTE
    ../clib/angel/sysapp.c                   0x00000000   Number         0  sys_command.o ABSOLUTE
    ../clib/angel/sysapp.c                   0x00000000   Number         0  sys_wrch.o ABSOLUTE
    ../clib/armsys.c                         0x00000000   Number         0  _get_argv.o ABSOLUTE
    ../clib/armsys.c                         0x00000000   Number         0  argv_veneer.o ABSOLUTE
    ../clib/armsys.c                         0x00000000   Number         0  argv_veneer.o ABSOLUTE
    ../clib/armsys.c                         0x00000000   Number         0  _get_argv_nomalloc.o ABSOLUTE
    ../clib/armsys.c                         0x00000000   Number         0  no_argv.o ABSOLUTE
    ../clib/heap1.c                          0x00000000   Number         0  h1_free_mt.o ABSOLUTE
    ../clib/heap1.c                          0x00000000   Number         0  h1_final.o ABSOLUTE
    ../clib/heap1.c                          0x00000000   Number         0  h1_final_mt.o ABSOLUTE
    ../clib/heap1.c                          0x00000000   Number         0  h1_alloc_mt.o ABSOLUTE
    ../clib/heap1.c                          0x00000000   Number         0  h1_alloc.o ABSOLUTE
    ../clib/heap1.c                          0x00000000   Number         0  h1_free.o ABSOLUTE
    ../clib/heap1.c                          0x00000000   Number         0  h1_extend.o ABSOLUTE
    ../clib/heap1.c                          0x00000000   Number         0  h1_extend_mt.o ABSOLUTE
    ../clib/heap1.c                          0x00000000   Number         0  h1_init_mt.o ABSOLUTE
    ../clib/heap1.c                          0x00000000   Number         0  h1_init.o ABSOLUTE
    ../clib/heap2.c                          0x00000000   Number         0  heap2mt.o ABSOLUTE
    ../clib/heap2.c                          0x00000000   Number         0  heap2.o ABSOLUTE
    ../clib/heap2.c                          0x00000000   Number         0  fdtree.o ABSOLUTE
    ../clib/heapalloc.c                      0x00000000   Number         0  maybetermalloc1.o ABSOLUTE
    ../clib/heapalloc.c                      0x00000000   Number         0  heapstubs.o ABSOLUTE
    ../clib/heapalloc.c                      0x00000000   Number         0  hguard.o ABSOLUTE
    ../clib/heapalloc.c                      0x00000000   Number         0  init_alloc.o ABSOLUTE
    ../clib/heapalloc.c                      0x00000000   Number         0  malloc.o ABSOLUTE
    ../clib/heapalloc.c                      0x00000000   Number         0  maybetermalloc1.o ABSOLUTE
    ../clib/heapalloc.c                      0x00000000   Number         0  maybetermalloc2.o ABSOLUTE
    ../clib/heapalloc.c                      0x00000000   Number         0  maybetermalloc2.o ABSOLUTE
    ../clib/heapalloc.c                      0x00000000   Number         0  hrguard.o ABSOLUTE
    ../clib/heapalloc.c                      0x00000000   Number         0  term_alloc.o ABSOLUTE
    ../clib/heapalloc.c                      0x00000000   Number         0  free.o ABSOLUTE
    ../clib/heapaux.c                        0x00000000   Number         0  heapauxa.o ABSOLUTE
    ../clib/heapaux.c                        0x00000000   Number         0  heapauxi.o ABSOLUTE
    ../clib/libinit.s                        0x00000000   Number         0  libinit.o ABSOLUTE
    ../clib/libinit.s                        0x00000000   Number         0  libshutdown2.o ABSOLUTE
    ../clib/libinit.s                        0x00000000   Number         0  libshutdown.o ABSOLUTE
    ../clib/libinit.s                        0x00000000   Number         0  libinit2.o ABSOLUTE
    ../clib/longlong.s                       0x00000000   Number         0  llushr.o ABSOLUTE
    ../clib/memcpset.s                       0x00000000   Number         0  rt_memclr_w.o ABSOLUTE
    ../clib/memcpset.s                       0x00000000   Number         0  rt_memcpy_w.o ABSOLUTE
    ../clib/printf.c                         0x00000000   Number         0  _printf_dec.o ABSOLUTE
    ../clib/printf.c                         0x00000000   Number         0  _printf_intcommon.o ABSOLUTE
    ../clib/printf.c                         0x00000000   Number         0  noretval__2printf.o ABSOLUTE
    ../clib/printf.c                         0x00000000   Number         0  __2printf.o ABSOLUTE
    ../clib/printf.c                         0x00000000   Number         0  __printf_ss.o ABSOLUTE
    ../clib/printf.c                         0x00000000   Number         0  __printf_nopercent.o ABSOLUTE
    ../clib/printf.c                         0x00000000   Number         0  __printf_flags_wp.o ABSOLUTE
    ../clib/printf.c                         0x00000000   Number         0  __printf_flags.o ABSOLUTE
    ../clib/printf.c                         0x00000000   Number         0  _printf_char_common.o ABSOLUTE
    ../clib/printf.c                         0x00000000   Number         0  __printf_flags_ss.o ABSOLUTE
    ../clib/printf.c                         0x00000000   Number         0  __printf.o ABSOLUTE
    ../clib/printf.c                         0x00000000   Number         0  __printf_ss_wp.o ABSOLUTE
    ../clib/printf.c                         0x00000000   Number         0  __printf_flags_ss_wp.o ABSOLUTE
    ../clib/printf.c                         0x00000000   Number         0  _printf_char_file.o ABSOLUTE
    ../clib/printf.c                         0x00000000   Number         0  __printf_wp.o ABSOLUTE
    ../clib/printf_percent.s                 0x00000000   Number         0  _printf_percent.o ABSOLUTE
    ../clib/printf_percent.s                 0x00000000   Number         0  _printf_d.o ABSOLUTE
    ../clib/printf_percent.s                 0x00000000   Number         0  _printf_percent_end.o ABSOLUTE
    ../clib/signal.c                         0x00000000   Number         0  __raise.o ABSOLUTE
    ../clib/signal.c                         0x00000000   Number         0  defsig_rtmem_formal.o ABSOLUTE
    ../clib/signal.c                         0x00000000   Number         0  defsig_rtred_outer.o ABSOLUTE
    ../clib/signal.c                         0x00000000   Number         0  defsig_fpe_inner.o ABSOLUTE
    ../clib/signal.c                         0x00000000   Number         0  defsig_rtred_formal.o ABSOLUTE
    ../clib/signal.c                         0x00000000   Number         0  defsig_exit.o ABSOLUTE
    ../clib/signal.c                         0x00000000   Number         0  defsig_rtmem_inner.o ABSOLUTE
    ../clib/signal.c                         0x00000000   Number         0  defsig_rtmem_outer.o ABSOLUTE
    ../clib/signal.c                         0x00000000   Number         0  defsig_abrt_inner.o ABSOLUTE
    ../clib/signal.c                         0x00000000   Number         0  defsig_stak_inner.o ABSOLUTE
    ../clib/signal.c                         0x00000000   Number         0  defsig_pvfn_inner.o ABSOLUTE
    ../clib/signal.c                         0x00000000   Number         0  defsig_cppl_inner.o ABSOLUTE
    ../clib/signal.c                         0x00000000   Number         0  defsig_segv_inner.o ABSOLUTE
    ../clib/signal.c                         0x00000000   Number         0  defsig_other.o ABSOLUTE
    ../clib/signal.c                         0x00000000   Number         0  defsig_general.o ABSOLUTE
    ../clib/signal.c                         0x00000000   Number         0  defsig_rtred_inner.o ABSOLUTE
    ../clib/signal.s                         0x00000000   Number         0  defsig.o ABSOLUTE
    ../clib/stdio.c                          0x00000000   Number         0  streamlock.o ABSOLUTE
    ../clib/stdio.c                          0x00000000   Number         0  ferror_locked.o ABSOLUTE
    ../clib/stdio.c                          0x00000000   Number         0  setvbuf.o ABSOLUTE
    ../clib/stdio.c                          0x00000000   Number         0  fopen.o ABSOLUTE
    ../clib/stdio.c                          0x00000000   Number         0  ftell.o ABSOLUTE
    ../clib/stdio.c                          0x00000000   Number         0  initio.o ABSOLUTE
    ../clib/stdio.c                          0x00000000   Number         0  ferror.o ABSOLUTE
    ../clib/stdio.c                          0x00000000   Number         0  initio_locked.o ABSOLUTE
    ../clib/stdio.c                          0x00000000   Number         0  fseek.o ABSOLUTE
    ../clib/stdio.c                          0x00000000   Number         0  stdio.o ABSOLUTE
    ../clib/stdio.c                          0x00000000   Number         0  stdio_streams.o ABSOLUTE
    ../clib/stdio.c                          0x00000000   Number         0  fopen_locked.o ABSOLUTE
    ../clib/stdio.c                          0x00000000   Number         0  setvbuf_locked.o ABSOLUTE
    ../clib/stdio.c                          0x00000000   Number         0  fclose.o ABSOLUTE
    ../clib/stdlib.c                         0x00000000   Number         0  exit.o ABSOLUTE
    ../clib/string.c                         0x00000000   Number         0  strlen.o ABSOLUTE
    ../fplib/fpinit.s                        0x00000000   Number         0  fpinit.o ABSOLUTE
    ..\Drivers\STM32F1xx_HAL_Driver\Src\stm32f1xx_hal.c 0x00000000   Number         0  stm32f1xx_hal.o ABSOLUTE
    ..\Drivers\STM32F1xx_HAL_Driver\Src\stm32f1xx_hal_cortex.c 0x00000000   Number         0  stm32f1xx_hal_cortex.o ABSOLUTE
    ..\Drivers\STM32F1xx_HAL_Driver\Src\stm32f1xx_hal_dma.c 0x00000000   Number         0  stm32f1xx_hal_dma.o ABSOLUTE
    ..\Drivers\STM32F1xx_HAL_Driver\Src\stm32f1xx_hal_exti.c 0x00000000   Number         0  stm32f1xx_hal_exti.o ABSOLUTE
    ..\Drivers\STM32F1xx_HAL_Driver\Src\stm32f1xx_hal_flash.c 0x00000000   Number         0  stm32f1xx_hal_flash.o ABSOLUTE
    ..\Drivers\STM32F1xx_HAL_Driver\Src\stm32f1xx_hal_flash_ex.c 0x00000000   Number         0  stm32f1xx_hal_flash_ex.o ABSOLUTE
    ..\Drivers\STM32F1xx_HAL_Driver\Src\stm32f1xx_hal_gpio.c 0x00000000   Number         0  stm32f1xx_hal_gpio.o ABSOLUTE
    ..\Drivers\STM32F1xx_HAL_Driver\Src\stm32f1xx_hal_gpio_ex.c 0x00000000   Number         0  stm32f1xx_hal_gpio_ex.o ABSOLUTE
    ..\Drivers\STM32F1xx_HAL_Driver\Src\stm32f1xx_hal_pwr.c 0x00000000   Number         0  stm32f1xx_hal_pwr.o ABSOLUTE
    ..\Drivers\STM32F1xx_HAL_Driver\Src\stm32f1xx_hal_rcc.c 0x00000000   Number         0  stm32f1xx_hal_rcc.o ABSOLUTE
    ..\Drivers\STM32F1xx_HAL_Driver\Src\stm32f1xx_hal_rcc_ex.c 0x00000000   Number         0  stm32f1xx_hal_rcc_ex.o ABSOLUTE
    ..\Drivers\STM32F1xx_HAL_Driver\Src\stm32f1xx_hal_tim.c 0x00000000   Number         0  stm32f1xx_hal_tim.o ABSOLUTE
    ..\Drivers\STM32F1xx_HAL_Driver\Src\stm32f1xx_hal_tim_ex.c 0x00000000   Number         0  stm32f1xx_hal_tim_ex.o ABSOLUTE
    ..\Drivers\STM32F1xx_HAL_Driver\Src\stm32f1xx_hal_uart.c 0x00000000   Number         0  stm32f1xx_hal_uart.o ABSOLUTE
    ..\Src\main.c                            0x00000000   Number         0  main.o ABSOLUTE
    ..\Src\stm32f1xx_hal_msp.c               0x00000000   Number         0  stm32f1xx_hal_msp.o ABSOLUTE
    ..\Src\stm32f1xx_it.c                    0x00000000   Number         0  stm32f1xx_it.o ABSOLUTE
    ..\Src\system_stm32f1xx.c                0x00000000   Number         0  system_stm32f1xx.o ABSOLUTE
    dc.s                                     0x00000000   Number         0  dc.o ABSOLUTE
    startup_stm32f103xe.s                    0x00000000   Number         0  startup_stm32f103xe.o ABSOLUTE
    RESET                                    0x08000000   Section      304  startup_stm32f103xe.o(RESET)
    !!!main                                  0x08000130   Section        8  __main.o(!!!main)
    !!!scatter                               0x08000138   Section       52  __scatter.o(!!!scatter)
    !!handler_copy                           0x0800016c   Section       26  __scatter_copy.o(!!handler_copy)
    !!handler_zi                             0x08000188   Section       28  __scatter_zi.o(!!handler_zi)
    .ARM.Collect$$_printf_percent$$00000000  0x080001a4   Section        0  _printf_percent.o(.ARM.Collect$$_printf_percent$$00000000)
    .ARM.Collect$$_printf_percent$$00000009  0x080001a4   Section        6  _printf_d.o(.ARM.Collect$$_printf_percent$$00000009)
    .ARM.Collect$$_printf_percent$$00000017  0x080001aa   Section        4  _printf_percent_end.o(.ARM.Collect$$_printf_percent$$00000017)
    .ARM.Collect$$libinit$$00000000          0x080001ae   Section        2  libinit.o(.ARM.Collect$$libinit$$00000000)
    .ARM.Collect$$libinit$$00000002          0x080001b0   Section        0  libinit2.o(.ARM.Collect$$libinit$$00000002)
    .ARM.Collect$$libinit$$00000004          0x080001b0   Section        0  libinit2.o(.ARM.Collect$$libinit$$00000004)
    .ARM.Collect$$libinit$$00000005          0x080001b0   Section        8  libinit2.o(.ARM.Collect$$libinit$$00000005)
    .ARM.Collect$$libinit$$0000000A          0x080001b8   Section        0  libinit2.o(.ARM.Collect$$libinit$$0000000A)
    .ARM.Collect$$libinit$$0000000C          0x080001b8   Section        0  libinit2.o(.ARM.Collect$$libinit$$0000000C)
    .ARM.Collect$$libinit$$0000000E          0x080001b8   Section        0  libinit2.o(.ARM.Collect$$libinit$$0000000E)
    .ARM.Collect$$libinit$$00000011          0x080001b8   Section        0  libinit2.o(.ARM.Collect$$libinit$$00000011)
    .ARM.Collect$$libinit$$00000013          0x080001b8   Section        0  libinit2.o(.ARM.Collect$$libinit$$00000013)
    .ARM.Collect$$libinit$$00000015          0x080001b8   Section        0  libinit2.o(.ARM.Collect$$libinit$$00000015)
    .ARM.Collect$$libinit$$00000017          0x080001b8   Section        0  libinit2.o(.ARM.Collect$$libinit$$00000017)
    .ARM.Collect$$libinit$$00000019          0x080001b8   Section        0  libinit2.o(.ARM.Collect$$libinit$$00000019)
    .ARM.Collect$$libinit$$0000001B          0x080001b8   Section        0  libinit2.o(.ARM.Collect$$libinit$$0000001B)
    .ARM.Collect$$libinit$$0000001D          0x080001b8   Section        0  libinit2.o(.ARM.Collect$$libinit$$0000001D)
    .ARM.Collect$$libinit$$0000001F          0x080001b8   Section        0  libinit2.o(.ARM.Collect$$libinit$$0000001F)
    .ARM.Collect$$libinit$$00000021          0x080001b8   Section        0  libinit2.o(.ARM.Collect$$libinit$$00000021)
    .ARM.Collect$$libinit$$00000023          0x080001b8   Section        0  libinit2.o(.ARM.Collect$$libinit$$00000023)
    .ARM.Collect$$libinit$$00000024          0x080001b8   Section        4  libinit2.o(.ARM.Collect$$libinit$$00000024)
    .ARM.Collect$$libinit$$00000025          0x080001bc   Section        0  libinit2.o(.ARM.Collect$$libinit$$00000025)
    .ARM.Collect$$libinit$$0000002C          0x080001bc   Section        0  libinit2.o(.ARM.Collect$$libinit$$0000002C)
    .ARM.Collect$$libinit$$0000002E          0x080001bc   Section        0  libinit2.o(.ARM.Collect$$libinit$$0000002E)
    .ARM.Collect$$libinit$$00000030          0x080001bc   Section        0  libinit2.o(.ARM.Collect$$libinit$$00000030)
    .ARM.Collect$$libinit$$00000032          0x080001bc   Section        0  libinit2.o(.ARM.Collect$$libinit$$00000032)
    .ARM.Collect$$libinit$$00000033          0x080001bc   Section        2  libinit2.o(.ARM.Collect$$libinit$$00000033)
    .ARM.Collect$$libshutdown$$00000000      0x080001be   Section        2  libshutdown.o(.ARM.Collect$$libshutdown$$00000000)
    .ARM.Collect$$libshutdown$$00000002      0x080001c0   Section        0  libshutdown2.o(.ARM.Collect$$libshutdown$$00000002)
    .ARM.Collect$$libshutdown$$00000003      0x080001c0   Section        4  libshutdown2.o(.ARM.Collect$$libshutdown$$00000003)
    .ARM.Collect$$libshutdown$$00000004      0x080001c4   Section        0  libshutdown2.o(.ARM.Collect$$libshutdown$$00000004)
    .ARM.Collect$$libshutdown$$00000007      0x080001c4   Section        0  libshutdown2.o(.ARM.Collect$$libshutdown$$00000007)
    .ARM.Collect$$libshutdown$$0000000A      0x080001c4   Section        0  libshutdown2.o(.ARM.Collect$$libshutdown$$0000000A)
    .ARM.Collect$$libshutdown$$0000000C      0x080001c4   Section        0  libshutdown2.o(.ARM.Collect$$libshutdown$$0000000C)
    .ARM.Collect$$libshutdown$$0000000F      0x080001c4   Section        0  libshutdown2.o(.ARM.Collect$$libshutdown$$0000000F)
    .ARM.Collect$$libshutdown$$00000010      0x080001c4   Section        2  libshutdown2.o(.ARM.Collect$$libshutdown$$00000010)
    .ARM.Collect$$rtentry$$00000000          0x080001c6   Section        0  __rtentry.o(.ARM.Collect$$rtentry$$00000000)
    .ARM.Collect$$rtentry$$00000002          0x080001c6   Section        0  __rtentry2.o(.ARM.Collect$$rtentry$$00000002)
    .ARM.Collect$$rtentry$$00000004          0x080001c6   Section        6  __rtentry4.o(.ARM.Collect$$rtentry$$00000004)
    .ARM.Collect$$rtentry$$00000009          0x080001cc   Section        0  __rtentry2.o(.ARM.Collect$$rtentry$$00000009)
    .ARM.Collect$$rtentry$$0000000A          0x080001cc   Section        4  __rtentry2.o(.ARM.Collect$$rtentry$$0000000A)
    .ARM.Collect$$rtentry$$0000000C          0x080001d0   Section        0  __rtentry2.o(.ARM.Collect$$rtentry$$0000000C)
    .ARM.Collect$$rtentry$$0000000D          0x080001d0   Section        8  __rtentry2.o(.ARM.Collect$$rtentry$$0000000D)
    .ARM.Collect$$rtexit$$00000000           0x080001d8   Section        2  rtexit.o(.ARM.Collect$$rtexit$$00000000)
    .ARM.Collect$$rtexit$$00000002           0x080001da   Section        0  rtexit2.o(.ARM.Collect$$rtexit$$00000002)
    .ARM.Collect$$rtexit$$00000003           0x080001da   Section        4  rtexit2.o(.ARM.Collect$$rtexit$$00000003)
    .ARM.Collect$$rtexit$$00000004           0x080001de   Section        6  rtexit2.o(.ARM.Collect$$rtexit$$00000004)
    .emb_text                                0x080001e4   Section        0  maybetermalloc1.o(.emb_text)
    .text                                    0x080001e4   Section       64  startup_stm32f103xe.o(.text)
    .text                                    0x08000224   Section        0  noretval__2printf.o(.text)
    .text                                    0x0800023c   Section        0  __printf.o(.text)
    .text                                    0x080002a4   Section        0  _printf_dec.o(.text)
    .text                                    0x0800031c   Section        0  strlen.o(.text)
    .text                                    0x0800035a   Section       78  rt_memclr_w.o(.text)
    .text                                    0x080003a8   Section        0  heapauxi.o(.text)
    .text                                    0x080003ae   Section        0  _printf_intcommon.o(.text)
    .text                                    0x08000460   Section        0  _printf_char_file.o(.text)
    .text                                    0x08000484   Section        0  _printf_char_common.o(.text)
    _printf_input_char                       0x08000485   Thumb Code    10  _printf_char_common.o(.text)
    .text                                    0x080004b4   Section        0  ferror.o(.text)
    .text                                    0x080004bc   Section        0  initio.o(.text)
    .text                                    0x080005f4   Section        0  sys_io.o(.text)
    .text                                    0x0800065a   Section       74  sys_stackheap_outer.o(.text)
    .text                                    0x080006a4   Section        0  h1_free.o(.text)
    .text                                    0x080006f2   Section        0  setvbuf.o(.text)
    .text                                    0x08000738   Section        0  fopen.o(.text)
    _freopen_locked                          0x08000739   Thumb Code     0  fopen.o(.text)
    .text                                    0x08000824   Section        0  fclose.o(.text)
    .text                                    0x08000870   Section        0  exit.o(.text)
    .text                                    0x08000882   Section        0  defsig_rtred_outer.o(.text)
    .text                                    0x08000890   Section        8  libspace.o(.text)
    .text                                    0x08000898   Section        2  use_no_semi.o(.text)
    .text                                    0x0800089a   Section        0  indicate_semi.o(.text)
    .text                                    0x0800089c   Section        8  rt_heap_descriptor_intlibspace.o(.text)
    .text                                    0x080008a4   Section        0  hguard.o(.text)
    .text                                    0x080008a8   Section        0  init_alloc.o(.text)
    .text                                    0x08000932   Section        0  h1_alloc.o(.text)
    .text                                    0x08000990   Section        0  fseek.o(.text)
    .text                                    0x08000a88   Section        0  stdio.o(.text)
    .text                                    0x08000b78   Section        0  defsig_exit.o(.text)
    .text                                    0x08000b84   Section        0  defsig_rtred_inner.o(.text)
    .text                                    0x08000bb8   Section        0  sys_exit.o(.text)
    .text                                    0x08000bc4   Section        0  h1_init.o(.text)
    .text                                    0x08000bd2   Section        0  h1_extend.o(.text)
    .text                                    0x08000c06   Section        0  ftell.o(.text)
    .text                                    0x08000c48   Section        0  defsig_general.o(.text)
    .text                                    0x08000c7a   Section        0  defsig_rtmem_outer.o(.text)
    .text                                    0x08000c88   Section        0  sys_wrch.o(.text)
    .text                                    0x08000c98   Section        8  rt_errno_addr_intlibspace.o(.text)
    .text                                    0x08000ca0   Section        0  defsig_rtmem_inner.o(.text)
    i.BusFault_Handler                       0x08000cf0   Section        0  stm32f1xx_it.o(i.BusFault_Handler)
    i.DebugMon_Handler                       0x08000cf2   Section        0  stm32f1xx_it.o(i.DebugMon_Handler)
    i.HAL_DMA_Abort                          0x08000cf4   Section        0  stm32f1xx_hal_dma.o(i.HAL_DMA_Abort)
    i.HAL_DMA_Abort_IT                       0x08000d3c   Section        0  stm32f1xx_hal_dma.o(i.HAL_DMA_Abort_IT)
    i.HAL_Delay                              0x08000e6c   Section        0  stm32f1xx_hal.o(i.HAL_Delay)
    i.HAL_GPIO_Init                          0x08000e90   Section        0  stm32f1xx_hal_gpio.o(i.HAL_GPIO_Init)
    i.HAL_GPIO_ReadPin                       0x08001088   Section        0  stm32f1xx_hal_gpio.o(i.HAL_GPIO_ReadPin)
    i.HAL_GPIO_WritePin                      0x08001092   Section        0  stm32f1xx_hal_gpio.o(i.HAL_GPIO_WritePin)
    i.HAL_GetTick                            0x0800109c   Section        0  stm32f1xx_hal.o(i.HAL_GetTick)
    i.HAL_IncTick                            0x080010a8   Section        0  stm32f1xx_hal.o(i.HAL_IncTick)
    i.HAL_Init                               0x080010b8   Section        0  stm32f1xx_hal.o(i.HAL_Init)
    i.HAL_InitTick                           0x080010dc   Section        0  stm32f1xx_hal.o(i.HAL_InitTick)
    i.HAL_MspInit                            0x0800111c   Section        0  stm32f1xx_hal_msp.o(i.HAL_MspInit)
    i.HAL_NVIC_EnableIRQ                     0x08001148   Section        0  stm32f1xx_hal_cortex.o(i.HAL_NVIC_EnableIRQ)
    i.HAL_NVIC_SetPriority                   0x08001164   Section        0  stm32f1xx_hal_cortex.o(i.HAL_NVIC_SetPriority)
    i.HAL_NVIC_SetPriorityGrouping           0x080011a4   Section        0  stm32f1xx_hal_cortex.o(i.HAL_NVIC_SetPriorityGrouping)
    i.HAL_RCC_ClockConfig                    0x080011c8   Section        0  stm32f1xx_hal_rcc.o(i.HAL_RCC_ClockConfig)
    i.HAL_RCC_GetPCLK1Freq                   0x080012f4   Section        0  stm32f1xx_hal_rcc.o(i.HAL_RCC_GetPCLK1Freq)
    i.HAL_RCC_GetPCLK2Freq                   0x08001314   Section        0  stm32f1xx_hal_rcc.o(i.HAL_RCC_GetPCLK2Freq)
    i.HAL_RCC_GetSysClockFreq                0x08001334   Section        0  stm32f1xx_hal_rcc.o(i.HAL_RCC_GetSysClockFreq)
    i.HAL_RCC_OscConfig                      0x080013a0   Section        0  stm32f1xx_hal_rcc.o(i.HAL_RCC_OscConfig)
    i.HAL_SYSTICK_Config                     0x080016c0   Section        0  stm32f1xx_hal_cortex.o(i.HAL_SYSTICK_Config)
    i.HAL_TIMEx_BreakCallback                0x080016e8   Section        0  stm32f1xx_hal_tim_ex.o(i.HAL_TIMEx_BreakCallback)
    i.HAL_TIMEx_CommutCallback               0x080016ea   Section        0  stm32f1xx_hal_tim_ex.o(i.HAL_TIMEx_CommutCallback)
    i.HAL_TIMEx_MasterConfigSynchronization  0x080016ec   Section        0  stm32f1xx_hal_tim_ex.o(i.HAL_TIMEx_MasterConfigSynchronization)
    i.HAL_TIM_Base_Init                      0x08001768   Section        0  stm32f1xx_hal_tim.o(i.HAL_TIM_Base_Init)
    i.HAL_TIM_Base_MspInit                   0x080017c4   Section        0  stm32f1xx_hal_msp.o(i.HAL_TIM_Base_MspInit)
    i.HAL_TIM_Base_Start                     0x08001824   Section        0  stm32f1xx_hal_tim.o(i.HAL_TIM_Base_Start)
    i.HAL_TIM_ConfigClockSource              0x08001888   Section        0  stm32f1xx_hal_tim.o(i.HAL_TIM_ConfigClockSource)
    i.HAL_TIM_IC_CaptureCallback             0x0800195e   Section        0  stm32f1xx_hal_tim.o(i.HAL_TIM_IC_CaptureCallback)
    i.HAL_TIM_IRQHandler                     0x08001960   Section        0  stm32f1xx_hal_tim.o(i.HAL_TIM_IRQHandler)
    i.HAL_TIM_OC_DelayElapsedCallback        0x08001ac6   Section        0  stm32f1xx_hal_tim.o(i.HAL_TIM_OC_DelayElapsedCallback)
    i.HAL_TIM_PWM_PulseFinishedCallback      0x08001ac8   Section        0  stm32f1xx_hal_tim.o(i.HAL_TIM_PWM_PulseFinishedCallback)
    i.HAL_TIM_PeriodElapsedCallback          0x08001aca   Section        0  stm32f1xx_hal_tim.o(i.HAL_TIM_PeriodElapsedCallback)
    i.HAL_TIM_TriggerCallback                0x08001acc   Section        0  stm32f1xx_hal_tim.o(i.HAL_TIM_TriggerCallback)
    i.HAL_UARTEx_RxEventCallback             0x08001ace   Section        0  stm32f1xx_hal_uart.o(i.HAL_UARTEx_RxEventCallback)
    i.HAL_UART_ErrorCallback                 0x08001ad0   Section        0  stm32f1xx_hal_uart.o(i.HAL_UART_ErrorCallback)
    i.HAL_UART_IRQHandler                    0x08001ad4   Section        0  stm32f1xx_hal_uart.o(i.HAL_UART_IRQHandler)
    i.HAL_UART_Init                          0x08001ce0   Section        0  stm32f1xx_hal_uart.o(i.HAL_UART_Init)
    i.HAL_UART_MspInit                       0x08001d44   Section        0  stm32f1xx_hal_msp.o(i.HAL_UART_MspInit)
    i.HAL_UART_RxCpltCallback                0x08001dc4   Section        0  stm32f1xx_hal_uart.o(i.HAL_UART_RxCpltCallback)
    i.HAL_UART_Transmit                      0x08001dc8   Section        0  stm32f1xx_hal_uart.o(i.HAL_UART_Transmit)
    i.HAL_UART_TxCpltCallback                0x08001e7a   Section        0  stm32f1xx_hal_uart.o(i.HAL_UART_TxCpltCallback)
    i.HardFault_Handler                      0x08001e7c   Section        0  stm32f1xx_it.o(i.HardFault_Handler)
    i.MX_GPIO_Init                           0x08001e80   Section        0  main.o(i.MX_GPIO_Init)
    MX_GPIO_Init                             0x08001e81   Thumb Code   118  main.o(i.MX_GPIO_Init)
    i.MX_TIM2_Init                           0x08001f00   Section        0  main.o(i.MX_TIM2_Init)
    MX_TIM2_Init                             0x08001f01   Thumb Code   100  main.o(i.MX_TIM2_Init)
    i.MemManage_Handler                      0x08001f68   Section        0  stm32f1xx_it.o(i.MemManage_Handler)
    i.NMI_Handler                            0x08001f6a   Section        0  stm32f1xx_it.o(i.NMI_Handler)
    i.PendSV_Handler                         0x08001f6c   Section        0  stm32f1xx_it.o(i.PendSV_Handler)
    i.SVC_Handler                            0x08001f6e   Section        0  stm32f1xx_it.o(i.SVC_Handler)
    i.SysTick_Handler                        0x08001f70   Section        0  stm32f1xx_it.o(i.SysTick_Handler)
    i.SystemClock_Config                     0x08001f74   Section        0  main.o(i.SystemClock_Config)
    i.SystemInit                             0x08001fcc   Section        0  system_stm32f1xx.o(i.SystemInit)
    i.TIM2_IRQHandler                        0x08001fd0   Section        0  stm32f1xx_it.o(i.TIM2_IRQHandler)
    i.TIM_Base_SetConfig                     0x08001fdc   Section        0  stm32f1xx_hal_tim.o(i.TIM_Base_SetConfig)
    i.TIM_ETR_SetConfig                      0x08002068   Section        0  stm32f1xx_hal_tim.o(i.TIM_ETR_SetConfig)
    i.TIM_ITRx_SetConfig                     0x0800207c   Section        0  stm32f1xx_hal_tim.o(i.TIM_ITRx_SetConfig)
    TIM_ITRx_SetConfig                       0x0800207d   Thumb Code    16  stm32f1xx_hal_tim.o(i.TIM_ITRx_SetConfig)
    i.TIM_TI1_ConfigInputStage               0x0800208c   Section        0  stm32f1xx_hal_tim.o(i.TIM_TI1_ConfigInputStage)
    TIM_TI1_ConfigInputStage                 0x0800208d   Thumb Code    34  stm32f1xx_hal_tim.o(i.TIM_TI1_ConfigInputStage)
    i.TIM_TI2_ConfigInputStage               0x080020ae   Section        0  stm32f1xx_hal_tim.o(i.TIM_TI2_ConfigInputStage)
    TIM_TI2_ConfigInputStage                 0x080020af   Thumb Code    36  stm32f1xx_hal_tim.o(i.TIM_TI2_ConfigInputStage)
    i.UART_DMAAbortOnError                   0x080020d2   Section        0  stm32f1xx_hal_uart.o(i.UART_DMAAbortOnError)
    UART_DMAAbortOnError                     0x080020d3   Thumb Code    16  stm32f1xx_hal_uart.o(i.UART_DMAAbortOnError)
    i.UART_EndRxTransfer                     0x080020e2   Section        0  stm32f1xx_hal_uart.o(i.UART_EndRxTransfer)
    UART_EndRxTransfer                       0x080020e3   Thumb Code    48  stm32f1xx_hal_uart.o(i.UART_EndRxTransfer)
    i.UART_Receive_IT                        0x08002112   Section        0  stm32f1xx_hal_uart.o(i.UART_Receive_IT)
    UART_Receive_IT                          0x08002113   Thumb Code   182  stm32f1xx_hal_uart.o(i.UART_Receive_IT)
    i.UART_SetConfig                         0x080021c8   Section        0  stm32f1xx_hal_uart.o(i.UART_SetConfig)
    UART_SetConfig                           0x080021c9   Thumb Code   178  stm32f1xx_hal_uart.o(i.UART_SetConfig)
    i.UART_WaitOnFlagUntilTimeout            0x08002280   Section        0  stm32f1xx_hal_uart.o(i.UART_WaitOnFlagUntilTimeout)
    UART_WaitOnFlagUntilTimeout              0x08002281   Thumb Code   100  stm32f1xx_hal_uart.o(i.UART_WaitOnFlagUntilTimeout)
    i.USART2_IRQHandler                      0x080022e4   Section        0  stm32f1xx_it.o(i.USART2_IRQHandler)
    i.UsageFault_Handler                     0x080022f0   Section        0  stm32f1xx_it.o(i.UsageFault_Handler)
    i.__NVIC_SetPriority                     0x080022f2   Section        0  stm32f1xx_hal_cortex.o(i.__NVIC_SetPriority)
    __NVIC_SetPriority                       0x080022f3   Thumb Code    32  stm32f1xx_hal_cortex.o(i.__NVIC_SetPriority)
    i.fputc                                  0x08002314   Section        0  main.o(i.fputc)
    i.main                                   0x0800233c   Section        0  main.o(i.main)
    .constdata                               0x08002420   Section       16  system_stm32f1xx.o(.constdata)
    .constdata                               0x08002430   Section        8  system_stm32f1xx.o(.constdata)
    .constdata                               0x08002438   Section        4  sys_io.o(.constdata)
    .constdata                               0x0800243c   Section        4  sys_io.o(.constdata)
    .constdata                               0x08002440   Section        4  sys_io.o(.constdata)
    .data                                    0x20000000   Section        1  main.o(.data)
    .data                                    0x20000004   Section       12  stm32f1xx_hal.o(.data)
    .data                                    0x20000010   Section        4  system_stm32f1xx.o(.data)
    .data                                    0x20000014   Section        4  stdio_streams.o(.data)
    .data                                    0x20000018   Section        4  stdio_streams.o(.data)
    .data                                    0x2000001c   Section        4  stdio_streams.o(.data)
    .bss                                     0x20000020   Section      140  main.o(.bss)
    .bss                                     0x200000ac   Section       84  stdio_streams.o(.bss)
    .bss                                     0x20000100   Section       84  stdio_streams.o(.bss)
    .bss                                     0x20000154   Section       84  stdio_streams.o(.bss)
    .bss                                     0x200001a8   Section       96  libspace.o(.bss)
    HEAP                                     0x20000208   Section      512  startup_stm32f103xe.o(HEAP)
    Heap_Mem                                 0x20000208   Data         512  startup_stm32f103xe.o(HEAP)
    STACK                                    0x20000408   Section     1024  startup_stm32f103xe.o(STACK)
    Stack_Mem                                0x20000408   Data        1024  startup_stm32f103xe.o(STACK)
    __initial_sp                             0x20000808   Data           0  startup_stm32f103xe.o(STACK)

    Global Symbols

    Symbol Name                              Value     Ov Type        Size  Object(Section)

    BuildAttributes$$THM_ISAv4$P$D$K$B$S$PE$A:L22UL41UL21$X:L11$S22US41US21$IEEE1$IW$USESV6$~STKCKD$USESV7$~SHL$OTIME$ROPI$EBA8$UX$STANDARDLIB$REQ8$PRES8$EABIv2 0x00000000   Number         0  anon$$obj.o ABSOLUTE
    __ARM_use_no_argv                        0x00000000   Number         0  main.o ABSOLUTE
    __ARM_exceptions_init                     - Undefined Weak Reference
    __alloca_initialize                       - Undefined Weak Reference
    __arm_preinit_                            - Undefined Weak Reference
    __cpp_initialize__aeabi_                  - Undefined Weak Reference
    __cxa_finalize                            - Undefined Weak Reference
    __rt_locale                               - Undefined Weak Reference
    __sigvec_lookup                           - Undefined Weak Reference
    __user_heap_extent                        - Undefined Weak Reference
    _atexit_init                              - Undefined Weak Reference
    _call_atexit_fns                          - Undefined Weak Reference
    _clock_init                               - Undefined Weak Reference
    _fp_trap_init                             - Undefined Weak Reference
    _fp_trap_shutdown                         - Undefined Weak Reference
    _get_lc_collate                           - Undefined Weak Reference
    _get_lc_ctype                             - Undefined Weak Reference
    _get_lc_monetary                          - Undefined Weak Reference
    _get_lc_numeric                           - Undefined Weak Reference
    _get_lc_time                              - Undefined Weak Reference
    _getenv_init                              - Undefined Weak Reference
    _handle_redirection                       - Undefined Weak Reference
    _mutex_acquire                            - Undefined Weak Reference
    _mutex_free                               - Undefined Weak Reference
    _mutex_release                            - Undefined Weak Reference
    _printf_post_padding                      - Undefined Weak Reference
    _printf_pre_padding                       - Undefined Weak Reference
    _printf_truncate_signed                   - Undefined Weak Reference
    _printf_truncate_unsigned                 - Undefined Weak Reference
    _rand_init                                - Undefined Weak Reference
    _signal_finish                            - Undefined Weak Reference
    _signal_init                              - Undefined Weak Reference
    __Vectors_Size                           0x00000130   Number         0  startup_stm32f103xe.o ABSOLUTE
    __Vectors                                0x08000000   Data           4  startup_stm32f103xe.o(RESET)
    __Vectors_End                            0x08000130   Data           0  startup_stm32f103xe.o(RESET)
    __main                                   0x08000131   Thumb Code     8  __main.o(!!!main)
    __scatterload                            0x08000139   Thumb Code     0  __scatter.o(!!!scatter)
    __scatterload_rt2                        0x08000139   Thumb Code    44  __scatter.o(!!!scatter)
    __scatterload_rt2_thumb_only             0x08000139   Thumb Code     0  __scatter.o(!!!scatter)
    __scatterload_null                       0x08000147   Thumb Code     0  __scatter.o(!!!scatter)
    __scatterload_copy                       0x0800016d   Thumb Code    26  __scatter_copy.o(!!handler_copy)
    __scatterload_zeroinit                   0x08000189   Thumb Code    28  __scatter_zi.o(!!handler_zi)
    _printf_d                                0x080001a5   Thumb Code     0  _printf_d.o(.ARM.Collect$$_printf_percent$$00000009)
    _printf_percent                          0x080001a5   Thumb Code     0  _printf_percent.o(.ARM.Collect$$_printf_percent$$00000000)
    _printf_percent_end                      0x080001ab   Thumb Code     0  _printf_percent_end.o(.ARM.Collect$$_printf_percent$$00000017)
    __rt_lib_init                            0x080001af   Thumb Code     0  libinit.o(.ARM.Collect$$libinit$$00000000)
    __rt_lib_init_fp_1                       0x080001b1   Thumb Code     0  libinit2.o(.ARM.Collect$$libinit$$00000002)
    __rt_lib_init_heap_2                     0x080001b1   Thumb Code     0  libinit2.o(.ARM.Collect$$libinit$$00000005)
    __rt_lib_init_preinit_1                  0x080001b1   Thumb Code     0  libinit2.o(.ARM.Collect$$libinit$$00000004)
    __rt_lib_init_atexit_1                   0x080001b9   Thumb Code     0  libinit2.o(.ARM.Collect$$libinit$$0000001B)
    __rt_lib_init_clock_1                    0x080001b9   Thumb Code     0  libinit2.o(.ARM.Collect$$libinit$$00000021)
    __rt_lib_init_fp_trap_1                  0x080001b9   Thumb Code     0  libinit2.o(.ARM.Collect$$libinit$$0000001F)
    __rt_lib_init_getenv_1                   0x080001b9   Thumb Code     0  libinit2.o(.ARM.Collect$$libinit$$00000023)
    __rt_lib_init_heap_1                     0x080001b9   Thumb Code     0  libinit2.o(.ARM.Collect$$libinit$$0000000A)
    __rt_lib_init_lc_collate_1               0x080001b9   Thumb Code     0  libinit2.o(.ARM.Collect$$libinit$$00000011)
    __rt_lib_init_lc_ctype_1                 0x080001b9   Thumb Code     0  libinit2.o(.ARM.Collect$$libinit$$00000013)
    __rt_lib_init_lc_monetary_1              0x080001b9   Thumb Code     0  libinit2.o(.ARM.Collect$$libinit$$00000015)
    __rt_lib_init_lc_numeric_1               0x080001b9   Thumb Code     0  libinit2.o(.ARM.Collect$$libinit$$00000017)
    __rt_lib_init_lc_time_1                  0x080001b9   Thumb Code     0  libinit2.o(.ARM.Collect$$libinit$$00000019)
    __rt_lib_init_rand_1                     0x080001b9   Thumb Code     0  libinit2.o(.ARM.Collect$$libinit$$0000000E)
    __rt_lib_init_signal_1                   0x080001b9   Thumb Code     0  libinit2.o(.ARM.Collect$$libinit$$0000001D)
    __rt_lib_init_stdio_2                    0x080001b9   Thumb Code     0  libinit2.o(.ARM.Collect$$libinit$$00000024)
    __rt_lib_init_user_alloc_1               0x080001b9   Thumb Code     0  libinit2.o(.ARM.Collect$$libinit$$0000000C)
    __rt_lib_init_alloca_1                   0x080001bd   Thumb Code     0  libinit2.o(.ARM.Collect$$libinit$$0000002E)
    __rt_lib_init_argv_1                     0x080001bd   Thumb Code     0  libinit2.o(.ARM.Collect$$libinit$$0000002C)
    __rt_lib_init_cpp_1                      0x080001bd   Thumb Code     0  libinit2.o(.ARM.Collect$$libinit$$00000032)
    __rt_lib_init_exceptions_1               0x080001bd   Thumb Code     0  libinit2.o(.ARM.Collect$$libinit$$00000030)
    __rt_lib_init_return                     0x080001bd   Thumb Code     0  libinit2.o(.ARM.Collect$$libinit$$00000033)
    __rt_lib_init_stdio_1                    0x080001bd   Thumb Code     0  libinit2.o(.ARM.Collect$$libinit$$00000025)
    __rt_lib_shutdown                        0x080001bf   Thumb Code     0  libshutdown.o(.ARM.Collect$$libshutdown$$00000000)
    __rt_lib_shutdown_cpp_1                  0x080001c1   Thumb Code     0  libshutdown2.o(.ARM.Collect$$libshutdown$$00000002)
    __rt_lib_shutdown_stdio_2                0x080001c1   Thumb Code     0  libshutdown2.o(.ARM.Collect$$libshutdown$$00000003)
    __rt_lib_shutdown_fp_trap_1              0x080001c5   Thumb Code     0  libshutdown2.o(.ARM.Collect$$libshutdown$$00000007)
    __rt_lib_shutdown_heap_1                 0x080001c5   Thumb Code     0  libshutdown2.o(.ARM.Collect$$libshutdown$$0000000F)
    __rt_lib_shutdown_return                 0x080001c5   Thumb Code     0  libshutdown2.o(.ARM.Collect$$libshutdown$$00000010)
    __rt_lib_shutdown_signal_1               0x080001c5   Thumb Code     0  libshutdown2.o(.ARM.Collect$$libshutdown$$0000000A)
    __rt_lib_shutdown_stdio_1                0x080001c5   Thumb Code     0  libshutdown2.o(.ARM.Collect$$libshutdown$$00000004)
    __rt_lib_shutdown_user_alloc_1           0x080001c5   Thumb Code     0  libshutdown2.o(.ARM.Collect$$libshutdown$$0000000C)
    __rt_entry                               0x080001c7   Thumb Code     0  __rtentry.o(.ARM.Collect$$rtentry$$00000000)
    __rt_entry_presh_1                       0x080001c7   Thumb Code     0  __rtentry2.o(.ARM.Collect$$rtentry$$00000002)
    __rt_entry_sh                            0x080001c7   Thumb Code     0  __rtentry4.o(.ARM.Collect$$rtentry$$00000004)
    __rt_entry_li                            0x080001cd   Thumb Code     0  __rtentry2.o(.ARM.Collect$$rtentry$$0000000A)
    __rt_entry_postsh_1                      0x080001cd   Thumb Code     0  __rtentry2.o(.ARM.Collect$$rtentry$$00000009)
    __rt_entry_main                          0x080001d1   Thumb Code     0  __rtentry2.o(.ARM.Collect$$rtentry$$0000000D)
    __rt_entry_postli_1                      0x080001d1   Thumb Code     0  __rtentry2.o(.ARM.Collect$$rtentry$$0000000C)
    __rt_exit                                0x080001d9   Thumb Code     0  rtexit.o(.ARM.Collect$$rtexit$$00000000)
    __rt_exit_ls                             0x080001db   Thumb Code     0  rtexit2.o(.ARM.Collect$$rtexit$$00000003)
    __rt_exit_prels_1                        0x080001db   Thumb Code     0  rtexit2.o(.ARM.Collect$$rtexit$$00000002)
    __rt_exit_exit                           0x080001df   Thumb Code     0  rtexit2.o(.ARM.Collect$$rtexit$$00000004)
    Reset_Handler                            0x080001e5   Thumb Code     8  startup_stm32f103xe.o(.text)
    _maybe_terminate_alloc                   0x080001e5   Thumb Code     0  maybetermalloc1.o(.emb_text)
    ADC1_2_IRQHandler                        0x080001ff   Thumb Code     0  startup_stm32f103xe.o(.text)
    ADC3_IRQHandler                          0x080001ff   Thumb Code     0  startup_stm32f103xe.o(.text)
    CAN1_RX1_IRQHandler                      0x080001ff   Thumb Code     0  startup_stm32f103xe.o(.text)
    CAN1_SCE_IRQHandler                      0x080001ff   Thumb Code     0  startup_stm32f103xe.o(.text)
    DMA1_Channel1_IRQHandler                 0x080001ff   Thumb Code     0  startup_stm32f103xe.o(.text)
    DMA1_Channel2_IRQHandler                 0x080001ff   Thumb Code     0  startup_stm32f103xe.o(.text)
    DMA1_Channel3_IRQHandler                 0x080001ff   Thumb Code     0  startup_stm32f103xe.o(.text)
    DMA1_Channel4_IRQHandler                 0x080001ff   Thumb Code     0  startup_stm32f103xe.o(.text)
    DMA1_Channel5_IRQHandler                 0x080001ff   Thumb Code     0  startup_stm32f103xe.o(.text)
    DMA1_Channel6_IRQHandler                 0x080001ff   Thumb Code     0  startup_stm32f103xe.o(.text)
    DMA1_Channel7_IRQHandler                 0x080001ff   Thumb Code     0  startup_stm32f103xe.o(.text)
    DMA2_Channel1_IRQHandler                 0x080001ff   Thumb Code     0  startup_stm32f103xe.o(.text)
    DMA2_Channel2_IRQHandler                 0x080001ff   Thumb Code     0  startup_stm32f103xe.o(.text)
    DMA2_Channel3_IRQHandler                 0x080001ff   Thumb Code     0  startup_stm32f103xe.o(.text)
    DMA2_Channel4_5_IRQHandler               0x080001ff   Thumb Code     0  startup_stm32f103xe.o(.text)
    EXTI0_IRQHandler                         0x080001ff   Thumb Code     0  startup_stm32f103xe.o(.text)
    EXTI15_10_IRQHandler                     0x080001ff   Thumb Code     0  startup_stm32f103xe.o(.text)
    EXTI1_IRQHandler                         0x080001ff   Thumb Code     0  startup_stm32f103xe.o(.text)
    EXTI2_IRQHandler                         0x080001ff   Thumb Code     0  startup_stm32f103xe.o(.text)
    EXTI3_IRQHandler                         0x080001ff   Thumb Code     0  startup_stm32f103xe.o(.text)
    EXTI4_IRQHandler                         0x080001ff   Thumb Code     0  startup_stm32f103xe.o(.text)
    EXTI9_5_IRQHandler                       0x080001ff   Thumb Code     0  startup_stm32f103xe.o(.text)
    FLASH_IRQHandler                         0x080001ff   Thumb Code     0  startup_stm32f103xe.o(.text)
    FSMC_IRQHandler                          0x080001ff   Thumb Code     0  startup_stm32f103xe.o(.text)
    I2C1_ER_IRQHandler                       0x080001ff   Thumb Code     0  startup_stm32f103xe.o(.text)
    I2C1_EV_IRQHandler                       0x080001ff   Thumb Code     0  startup_stm32f103xe.o(.text)
    I2C2_ER_IRQHandler                       0x080001ff   Thumb Code     0  startup_stm32f103xe.o(.text)
    I2C2_EV_IRQHandler                       0x080001ff   Thumb Code     0  startup_stm32f103xe.o(.text)
    PVD_IRQHandler                           0x080001ff   Thumb Code     0  startup_stm32f103xe.o(.text)
    RCC_IRQHandler                           0x080001ff   Thumb Code     0  startup_stm32f103xe.o(.text)
    RTC_Alarm_IRQHandler                     0x080001ff   Thumb Code     0  startup_stm32f103xe.o(.text)
    RTC_IRQHandler                           0x080001ff   Thumb Code     0  startup_stm32f103xe.o(.text)
    SDIO_IRQHandler                          0x080001ff   Thumb Code     0  startup_stm32f103xe.o(.text)
    SPI1_IRQHandler                          0x080001ff   Thumb Code     0  startup_stm32f103xe.o(.text)
    SPI2_IRQHandler                          0x080001ff   Thumb Code     0  startup_stm32f103xe.o(.text)
    SPI3_IRQHandler                          0x080001ff   Thumb Code     0  startup_stm32f103xe.o(.text)
    TAMPER_IRQHandler                        0x080001ff   Thumb Code     0  startup_stm32f103xe.o(.text)
    TIM1_BRK_IRQHandler                      0x080001ff   Thumb Code     0  startup_stm32f103xe.o(.text)
    TIM1_CC_IRQHandler                       0x080001ff   Thumb Code     0  startup_stm32f103xe.o(.text)
    TIM1_TRG_COM_IRQHandler                  0x080001ff   Thumb Code     0  startup_stm32f103xe.o(.text)
    TIM1_UP_IRQHandler                       0x080001ff   Thumb Code     0  startup_stm32f103xe.o(.text)
    TIM3_IRQHandler                          0x080001ff   Thumb Code     0  startup_stm32f103xe.o(.text)
    TIM4_IRQHandler                          0x080001ff   Thumb Code     0  startup_stm32f103xe.o(.text)
    TIM5_IRQHandler                          0x080001ff   Thumb Code     0  startup_stm32f103xe.o(.text)
    TIM6_IRQHandler                          0x080001ff   Thumb Code     0  startup_stm32f103xe.o(.text)
    TIM7_IRQHandler                          0x080001ff   Thumb Code     0  startup_stm32f103xe.o(.text)
    TIM8_BRK_IRQHandler                      0x080001ff   Thumb Code     0  startup_stm32f103xe.o(.text)
    TIM8_CC_IRQHandler                       0x080001ff   Thumb Code     0  startup_stm32f103xe.o(.text)
    TIM8_TRG_COM_IRQHandler                  0x080001ff   Thumb Code     0  startup_stm32f103xe.o(.text)
    TIM8_UP_IRQHandler                       0x080001ff   Thumb Code     0  startup_stm32f103xe.o(.text)
    UART4_IRQHandler                         0x080001ff   Thumb Code     0  startup_stm32f103xe.o(.text)
    UART5_IRQHandler                         0x080001ff   Thumb Code     0  startup_stm32f103xe.o(.text)
    USART1_IRQHandler                        0x080001ff   Thumb Code     0  startup_stm32f103xe.o(.text)
    USART3_IRQHandler                        0x080001ff   Thumb Code     0  startup_stm32f103xe.o(.text)
    USBWakeUp_IRQHandler                     0x080001ff   Thumb Code     0  startup_stm32f103xe.o(.text)
    USB_HP_CAN1_TX_IRQHandler                0x080001ff   Thumb Code     0  startup_stm32f103xe.o(.text)
    USB_LP_CAN1_RX0_IRQHandler               0x080001ff   Thumb Code     0  startup_stm32f103xe.o(.text)
    WWDG_IRQHandler                          0x080001ff   Thumb Code     0  startup_stm32f103xe.o(.text)
    __user_initial_stackheap                 0x08000201   Thumb Code     0  startup_stm32f103xe.o(.text)
    __2printf                                0x08000225   Thumb Code    20  noretval__2printf.o(.text)
    __printf                                 0x0800023d   Thumb Code   104  __printf.o(.text)
    _printf_int_dec                          0x080002a5   Thumb Code   104  _printf_dec.o(.text)
    strlen                                   0x0800031d   Thumb Code    62  strlen.o(.text)
    __aeabi_memclr4                          0x0800035b   Thumb Code     0  rt_memclr_w.o(.text)
    __aeabi_memclr8                          0x0800035b   Thumb Code     0  rt_memclr_w.o(.text)
    __rt_memclr_w                            0x0800035b   Thumb Code    78  rt_memclr_w.o(.text)
    _memset_w                                0x0800035f   Thumb Code     0  rt_memclr_w.o(.text)
    __use_two_region_memory                  0x080003a9   Thumb Code     2  heapauxi.o(.text)
    __rt_heap_escrow                         0x080003ab   Thumb Code     2  heapauxi.o(.text)
    __rt_heap_expand                         0x080003ad   Thumb Code     2  heapauxi.o(.text)
    _printf_int_common                       0x080003af   Thumb Code   178  _printf_intcommon.o(.text)
    _printf_char_file                        0x08000461   Thumb Code    32  _printf_char_file.o(.text)
    _printf_char_common                      0x0800048f   Thumb Code    32  _printf_char_common.o(.text)
    ferror                                   0x080004b5   Thumb Code     8  ferror.o(.text)
    _initio                                  0x080004bd   Thumb Code   210  initio.o(.text)
    _terminateio                             0x0800058f   Thumb Code    56  initio.o(.text)
    _sys_open                                0x080005f5   Thumb Code    20  sys_io.o(.text)
    _sys_close                               0x08000609   Thumb Code    12  sys_io.o(.text)
    _sys_write                               0x08000615   Thumb Code    16  sys_io.o(.text)
    _sys_read                                0x08000625   Thumb Code    14  sys_io.o(.text)
    _sys_istty                               0x08000633   Thumb Code    12  sys_io.o(.text)
    _sys_seek                                0x0800063f   Thumb Code    14  sys_io.o(.text)
    _sys_ensure                              0x0800064d   Thumb Code     2  sys_io.o(.text)
    _sys_flen                                0x0800064f   Thumb Code    12  sys_io.o(.text)
    __user_setup_stackheap                   0x0800065b   Thumb Code    74  sys_stackheap_outer.o(.text)
    free                                     0x080006a5   Thumb Code    78  h1_free.o(.text)
    setvbuf                                  0x080006f3   Thumb Code    70  setvbuf.o(.text)
    freopen                                  0x08000739   Thumb Code   158  fopen.o(.text)
    fopen                                    0x080007d7   Thumb Code    74  fopen.o(.text)
    _fclose_internal                         0x08000825   Thumb Code    76  fclose.o(.text)
    fclose                                   0x08000825   Thumb Code     0  fclose.o(.text)
    exit                                     0x08000871   Thumb Code    18  exit.o(.text)
    __rt_SIGRTRED                            0x08000883   Thumb Code    14  defsig_rtred_outer.o(.text)
    __user_libspace                          0x08000891   Thumb Code     8  libspace.o(.text)
    __user_perproc_libspace                  0x08000891   Thumb Code     0  libspace.o(.text)
    __user_perthread_libspace                0x08000891   Thumb Code     0  libspace.o(.text)
    __I$use$semihosting                      0x08000899   Thumb Code     0  use_no_semi.o(.text)
    __use_no_semihosting_swi                 0x08000899   Thumb Code     2  use_no_semi.o(.text)
    __semihosting_library_function           0x0800089b   Thumb Code     0  indicate_semi.o(.text)
    __rt_heap_descriptor                     0x0800089d   Thumb Code     8  rt_heap_descriptor_intlibspace.o(.text)
    __use_no_heap                            0x080008a5   Thumb Code     2  hguard.o(.text)
    __heap$guard                             0x080008a7   Thumb Code     2  hguard.o(.text)
    _terminate_user_alloc                    0x080008a9   Thumb Code     2  init_alloc.o(.text)
    _init_user_alloc                         0x080008ab   Thumb Code     2  init_alloc.o(.text)
    __Heap_Full                              0x080008ad   Thumb Code    34  init_alloc.o(.text)
    __Heap_Broken                            0x080008cf   Thumb Code     6  init_alloc.o(.text)
    _init_alloc                              0x080008d5   Thumb Code    94  init_alloc.o(.text)
    malloc                                   0x08000933   Thumb Code    94  h1_alloc.o(.text)
    _fseek                                   0x08000991   Thumb Code   242  fseek.o(.text)
    fseek                                    0x08000991   Thumb Code     0  fseek.o(.text)
    _seterr                                  0x08000a89   Thumb Code    20  stdio.o(.text)
    _writebuf                                0x08000a9d   Thumb Code    84  stdio.o(.text)
    _fflush                                  0x08000af1   Thumb Code    70  stdio.o(.text)
    _deferredlazyseek                        0x08000b37   Thumb Code    60  stdio.o(.text)
    __sig_exit                               0x08000b79   Thumb Code    10  defsig_exit.o(.text)
    __rt_SIGRTRED_inner                      0x08000b85   Thumb Code    14  defsig_rtred_inner.o(.text)
    _sys_exit                                0x08000bb9   Thumb Code     8  sys_exit.o(.text)
    __Heap_Initialize                        0x08000bc5   Thumb Code    10  h1_init.o(.text)
    __Heap_DescSize                          0x08000bcf   Thumb Code     4  h1_init.o(.text)
    __Heap_ProvideMemory                     0x08000bd3   Thumb Code    52  h1_extend.o(.text)
    _ftell_internal                          0x08000c07   Thumb Code    66  ftell.o(.text)
    ftell                                    0x08000c07   Thumb Code     0  ftell.o(.text)
    __default_signal_display                 0x08000c49   Thumb Code    50  defsig_general.o(.text)
    __rt_SIGRTMEM                            0x08000c7b   Thumb Code    14  defsig_rtmem_outer.o(.text)
    _ttywrch                                 0x08000c89   Thumb Code    14  sys_wrch.o(.text)
    __aeabi_errno_addr                       0x08000c99   Thumb Code     8  rt_errno_addr_intlibspace.o(.text)
    __errno$intlibspace                      0x08000c99   Thumb Code     0  rt_errno_addr_intlibspace.o(.text)
    __rt_errno_addr$intlibspace              0x08000c99   Thumb Code     0  rt_errno_addr_intlibspace.o(.text)
    __rt_SIGRTMEM_inner                      0x08000ca1   Thumb Code    22  defsig_rtmem_inner.o(.text)
    BusFault_Handler                         0x08000cf1   Thumb Code     2  stm32f1xx_it.o(i.BusFault_Handler)
    DebugMon_Handler                         0x08000cf3   Thumb Code     2  stm32f1xx_it.o(i.DebugMon_Handler)
    HAL_DMA_Abort                            0x08000cf5   Thumb Code    70  stm32f1xx_hal_dma.o(i.HAL_DMA_Abort)
    HAL_DMA_Abort_IT                         0x08000d3d   Thumb Code   296  stm32f1xx_hal_dma.o(i.HAL_DMA_Abort_IT)
    HAL_Delay                                0x08000e6d   Thumb Code    32  stm32f1xx_hal.o(i.HAL_Delay)
    HAL_GPIO_Init                            0x08000e91   Thumb Code   462  stm32f1xx_hal_gpio.o(i.HAL_GPIO_Init)
    HAL_GPIO_ReadPin                         0x08001089   Thumb Code    10  stm32f1xx_hal_gpio.o(i.HAL_GPIO_ReadPin)
    HAL_GPIO_WritePin                        0x08001093   Thumb Code    10  stm32f1xx_hal_gpio.o(i.HAL_GPIO_WritePin)
    HAL_GetTick                              0x0800109d   Thumb Code     6  stm32f1xx_hal.o(i.HAL_GetTick)
    HAL_IncTick                              0x080010a9   Thumb Code    12  stm32f1xx_hal.o(i.HAL_IncTick)
    HAL_Init                                 0x080010b9   Thumb Code    32  stm32f1xx_hal.o(i.HAL_Init)
    HAL_InitTick                             0x080010dd   Thumb Code    54  stm32f1xx_hal.o(i.HAL_InitTick)
    HAL_MspInit                              0x0800111d   Thumb Code    38  stm32f1xx_hal_msp.o(i.HAL_MspInit)
    HAL_NVIC_EnableIRQ                       0x08001149   Thumb Code    26  stm32f1xx_hal_cortex.o(i.HAL_NVIC_EnableIRQ)
    HAL_NVIC_SetPriority                     0x08001165   Thumb Code    60  stm32f1xx_hal_cortex.o(i.HAL_NVIC_SetPriority)
    HAL_NVIC_SetPriorityGrouping             0x080011a5   Thumb Code    26  stm32f1xx_hal_cortex.o(i.HAL_NVIC_SetPriorityGrouping)
    HAL_RCC_ClockConfig                      0x080011c9   Thumb Code   280  stm32f1xx_hal_rcc.o(i.HAL_RCC_ClockConfig)
    HAL_RCC_GetPCLK1Freq                     0x080012f5   Thumb Code    20  stm32f1xx_hal_rcc.o(i.HAL_RCC_GetPCLK1Freq)
    HAL_RCC_GetPCLK2Freq                     0x08001315   Thumb Code    20  stm32f1xx_hal_rcc.o(i.HAL_RCC_GetPCLK2Freq)
    HAL_RCC_GetSysClockFreq                  0x08001335   Thumb Code    74  stm32f1xx_hal_rcc.o(i.HAL_RCC_GetSysClockFreq)
    HAL_RCC_OscConfig                        0x080013a1   Thumb Code   778  stm32f1xx_hal_rcc.o(i.HAL_RCC_OscConfig)
    HAL_SYSTICK_Config                       0x080016c1   Thumb Code    40  stm32f1xx_hal_cortex.o(i.HAL_SYSTICK_Config)
    HAL_TIMEx_BreakCallback                  0x080016e9   Thumb Code     2  stm32f1xx_hal_tim_ex.o(i.HAL_TIMEx_BreakCallback)
    HAL_TIMEx_CommutCallback                 0x080016eb   Thumb Code     2  stm32f1xx_hal_tim_ex.o(i.HAL_TIMEx_CommutCallback)
    HAL_TIMEx_MasterConfigSynchronization    0x080016ed   Thumb Code   104  stm32f1xx_hal_tim_ex.o(i.HAL_TIMEx_MasterConfigSynchronization)
    HAL_TIM_Base_Init                        0x08001769   Thumb Code    90  stm32f1xx_hal_tim.o(i.HAL_TIM_Base_Init)
    HAL_TIM_Base_MspInit                     0x080017c5   Thumb Code    88  stm32f1xx_hal_msp.o(i.HAL_TIM_Base_MspInit)
    HAL_TIM_Base_Start                       0x08001825   Thumb Code    78  stm32f1xx_hal_tim.o(i.HAL_TIM_Base_Start)
    HAL_TIM_ConfigClockSource                0x08001889   Thumb Code   214  stm32f1xx_hal_tim.o(i.HAL_TIM_ConfigClockSource)
    HAL_TIM_IC_CaptureCallback               0x0800195f   Thumb Code     2  stm32f1xx_hal_tim.o(i.HAL_TIM_IC_CaptureCallback)
    HAL_TIM_IRQHandler                       0x08001961   Thumb Code   358  stm32f1xx_hal_tim.o(i.HAL_TIM_IRQHandler)
    HAL_TIM_OC_DelayElapsedCallback          0x08001ac7   Thumb Code     2  stm32f1xx_hal_tim.o(i.HAL_TIM_OC_DelayElapsedCallback)
    HAL_TIM_PWM_PulseFinishedCallback        0x08001ac9   Thumb Code     2  stm32f1xx_hal_tim.o(i.HAL_TIM_PWM_PulseFinishedCallback)
    HAL_TIM_PeriodElapsedCallback            0x08001acb   Thumb Code     2  stm32f1xx_hal_tim.o(i.HAL_TIM_PeriodElapsedCallback)
    HAL_TIM_TriggerCallback                  0x08001acd   Thumb Code     2  stm32f1xx_hal_tim.o(i.HAL_TIM_TriggerCallback)
    HAL_UARTEx_RxEventCallback               0x08001acf   Thumb Code     2  stm32f1xx_hal_uart.o(i.HAL_UARTEx_RxEventCallback)
    HAL_UART_ErrorCallback                   0x08001ad1   Thumb Code     2  stm32f1xx_hal_uart.o(i.HAL_UART_ErrorCallback)
    HAL_UART_IRQHandler                      0x08001ad5   Thumb Code   520  stm32f1xx_hal_uart.o(i.HAL_UART_IRQHandler)
    HAL_UART_Init                            0x08001ce1   Thumb Code    98  stm32f1xx_hal_uart.o(i.HAL_UART_Init)
    HAL_UART_MspInit                         0x08001d45   Thumb Code   114  stm32f1xx_hal_msp.o(i.HAL_UART_MspInit)
    HAL_UART_RxCpltCallback                  0x08001dc5   Thumb Code     2  stm32f1xx_hal_uart.o(i.HAL_UART_RxCpltCallback)
    HAL_UART_Transmit                        0x08001dc9   Thumb Code   178  stm32f1xx_hal_uart.o(i.HAL_UART_Transmit)
    HAL_UART_TxCpltCallback                  0x08001e7b   Thumb Code     2  stm32f1xx_hal_uart.o(i.HAL_UART_TxCpltCallback)
    HardFault_Handler                        0x08001e7d   Thumb Code     2  stm32f1xx_it.o(i.HardFault_Handler)
    MemManage_Handler                        0x08001f69   Thumb Code     2  stm32f1xx_it.o(i.MemManage_Handler)
    NMI_Handler                              0x08001f6b   Thumb Code     2  stm32f1xx_it.o(i.NMI_Handler)
    PendSV_Handler                           0x08001f6d   Thumb Code     2  stm32f1xx_it.o(i.PendSV_Handler)
    SVC_Handler                              0x08001f6f   Thumb Code     2  stm32f1xx_it.o(i.SVC_Handler)
    SysTick_Handler                          0x08001f71   Thumb Code     4  stm32f1xx_it.o(i.SysTick_Handler)
    SystemClock_Config                       0x08001f75   Thumb Code    88  main.o(i.SystemClock_Config)
    SystemInit                               0x08001fcd   Thumb Code     2  system_stm32f1xx.o(i.SystemInit)
    TIM2_IRQHandler                          0x08001fd1   Thumb Code     6  stm32f1xx_it.o(i.TIM2_IRQHandler)
    TIM_Base_SetConfig                       0x08001fdd   Thumb Code   120  stm32f1xx_hal_tim.o(i.TIM_Base_SetConfig)
    TIM_ETR_SetConfig                        0x08002069   Thumb Code    20  stm32f1xx_hal_tim.o(i.TIM_ETR_SetConfig)
    USART2_IRQHandler                        0x080022e5   Thumb Code     6  stm32f1xx_it.o(i.USART2_IRQHandler)
    UsageFault_Handler                       0x080022f1   Thumb Code     2  stm32f1xx_it.o(i.UsageFault_Handler)
    fputc                                    0x08002315   Thumb Code    28  main.o(i.fputc)
    main                                     0x0800233d   Thumb Code   168  main.o(i.main)
    AHBPrescTable                            0x08002420   Data          16  system_stm32f1xx.o(.constdata)
    APBPrescTable                            0x08002430   Data           8  system_stm32f1xx.o(.constdata)
    __stdin_name                             0x08002438   Data           4  sys_io.o(.constdata)
    __stdout_name                            0x0800243c   Data           4  sys_io.o(.constdata)
    __stderr_name                            0x08002440   Data           4  sys_io.o(.constdata)
    Region$$Table$$Base                      0x08002444   Number         0  anon$$obj.o(Region$$Table)
    Region$$Table$$Limit                     0x08002464   Number         0  anon$$obj.o(Region$$Table)
    Result                                   0x20000000   Data           1  main.o(.data)
    uwTickFreq                               0x20000004   Data           1  stm32f1xx_hal.o(.data)
    uwTickPrio                               0x20000008   Data           4  stm32f1xx_hal.o(.data)
    uwTick                                   0x2000000c   Data           4  stm32f1xx_hal.o(.data)
    SystemCoreClock                          0x20000010   Data           4  system_stm32f1xx.o(.data)
    __aeabi_stdin                            0x20000014   Data           4  stdio_streams.o(.data)
    __aeabi_stdout                           0x20000018   Data           4  stdio_streams.o(.data)
    __aeabi_stderr                           0x2000001c   Data           4  stdio_streams.o(.data)
    htim2                                    0x20000020   Data          72  main.o(.bss)
    huart2                                   0x20000068   Data          68  main.o(.bss)
    __stdin                                  0x200000ac   Data          84  stdio_streams.o(.bss)
    __stdout                                 0x20000100   Data          84  stdio_streams.o(.bss)
    __stderr                                 0x20000154   Data          84  stdio_streams.o(.bss)
    __libspace_start                         0x200001a8   Data          96  libspace.o(.bss)
    __temporary_stack_top$libspace           0x20000208   Data           0  libspace.o(.bss)



==============================================================================

Memory Map of the image

  Image Entry point : 0x08000131

  Load Region LR_IROM1 (Base: 0x08000000, Size: 0x00002484, Max: 0x00040000, ABSOLUTE)

    Execution Region ER_IROM1 (Exec base: 0x08000000, Load base: 0x08000000, Size: 0x00002464, Max: 0x00040000, ABSOLUTE)

    Exec Addr    Load Addr    Size         Type   Attr      Idx    E Section Name        Object

    0x08000000   0x08000000   0x00000130   Data   RO            3    RESET               startup_stm32f103xe.o
    0x08000130   0x08000130   0x00000008   Code   RO         2713  * !!!main             c_w.l(__main.o)
    0x08000138   0x08000138   0x00000034   Code   RO         3032    !!!scatter          c_w.l(__scatter.o)
    0x0800016c   0x0800016c   0x0000001a   Code   RO         3034    !!handler_copy      c_w.l(__scatter_copy.o)
    0x08000186   0x08000186   0x00000002   PAD
    0x08000188   0x08000188   0x0000001c   Code   RO         3036    !!handler_zi        c_w.l(__scatter_zi.o)
    0x080001a4   0x080001a4   0x00000000   Code   RO         2706    .ARM.Collect$$_printf_percent$$00000000  c_w.l(_printf_percent.o)
    0x080001a4   0x080001a4   0x00000006   Code   RO         2705    .ARM.Collect$$_printf_percent$$00000009  c_w.l(_printf_d.o)
    0x080001aa   0x080001aa   0x00000004   Code   RO         2720    .ARM.Collect$$_printf_percent$$00000017  c_w.l(_printf_percent_end.o)
    0x080001ae   0x080001ae   0x00000002   Code   RO         2841    .ARM.Collect$$libinit$$00000000  c_w.l(libinit.o)
    0x080001b0   0x080001b0   0x00000000   Code   RO         2843    .ARM.Collect$$libinit$$00000002  c_w.l(libinit2.o)
    0x080001b0   0x080001b0   0x00000000   Code   RO         2845    .ARM.Collect$$libinit$$00000004  c_w.l(libinit2.o)
    0x080001b0   0x080001b0   0x00000008   Code   RO         2846    .ARM.Collect$$libinit$$00000005  c_w.l(libinit2.o)
    0x080001b8   0x080001b8   0x00000000   Code   RO         2848    .ARM.Collect$$libinit$$0000000A  c_w.l(libinit2.o)
    0x080001b8   0x080001b8   0x00000000   Code   RO         2850    .ARM.Collect$$libinit$$0000000C  c_w.l(libinit2.o)
    0x080001b8   0x080001b8   0x00000000   Code   RO         2852    .ARM.Collect$$libinit$$0000000E  c_w.l(libinit2.o)
    0x080001b8   0x080001b8   0x00000000   Code   RO         2855    .ARM.Collect$$libinit$$00000011  c_w.l(libinit2.o)
    0x080001b8   0x080001b8   0x00000000   Code   RO         2857    .ARM.Collect$$libinit$$00000013  c_w.l(libinit2.o)
    0x080001b8   0x080001b8   0x00000000   Code   RO         2859    .ARM.Collect$$libinit$$00000015  c_w.l(libinit2.o)
    0x080001b8   0x080001b8   0x00000000   Code   RO         2861    .ARM.Collect$$libinit$$00000017  c_w.l(libinit2.o)
    0x080001b8   0x080001b8   0x00000000   Code   RO         2863    .ARM.Collect$$libinit$$00000019  c_w.l(libinit2.o)
    0x080001b8   0x080001b8   0x00000000   Code   RO         2865    .ARM.Collect$$libinit$$0000001B  c_w.l(libinit2.o)
    0x080001b8   0x080001b8   0x00000000   Code   RO         2867    .ARM.Collect$$libinit$$0000001D  c_w.l(libinit2.o)
    0x080001b8   0x080001b8   0x00000000   Code   RO         2869    .ARM.Collect$$libinit$$0000001F  c_w.l(libinit2.o)
    0x080001b8   0x080001b8   0x00000000   Code   RO         2871    .ARM.Collect$$libinit$$00000021  c_w.l(libinit2.o)
    0x080001b8   0x080001b8   0x00000000   Code   RO         2873    .ARM.Collect$$libinit$$00000023  c_w.l(libinit2.o)
    0x080001b8   0x080001b8   0x00000004   Code   RO         2874    .ARM.Collect$$libinit$$00000024  c_w.l(libinit2.o)
    0x080001bc   0x080001bc   0x00000000   Code   RO         2875    .ARM.Collect$$libinit$$00000025  c_w.l(libinit2.o)
    0x080001bc   0x080001bc   0x00000000   Code   RO         2879    .ARM.Collect$$libinit$$0000002C  c_w.l(libinit2.o)
    0x080001bc   0x080001bc   0x00000000   Code   RO         2881    .ARM.Collect$$libinit$$0000002E  c_w.l(libinit2.o)
    0x080001bc   0x080001bc   0x00000000   Code   RO         2883    .ARM.Collect$$libinit$$00000030  c_w.l(libinit2.o)
    0x080001bc   0x080001bc   0x00000000   Code   RO         2885    .ARM.Collect$$libinit$$00000032  c_w.l(libinit2.o)
    0x080001bc   0x080001bc   0x00000002   Code   RO         2886    .ARM.Collect$$libinit$$00000033  c_w.l(libinit2.o)
    0x080001be   0x080001be   0x00000002   Code   RO         3011    .ARM.Collect$$libshutdown$$00000000  c_w.l(libshutdown.o)
    0x080001c0   0x080001c0   0x00000000   Code   RO         2888    .ARM.Collect$$libshutdown$$00000002  c_w.l(libshutdown2.o)
    0x080001c0   0x080001c0   0x00000004   Code   RO         2889    .ARM.Collect$$libshutdown$$00000003  c_w.l(libshutdown2.o)
    0x080001c4   0x080001c4   0x00000000   Code   RO         2890    .ARM.Collect$$libshutdown$$00000004  c_w.l(libshutdown2.o)
    0x080001c4   0x080001c4   0x00000000   Code   RO         2893    .ARM.Collect$$libshutdown$$00000007  c_w.l(libshutdown2.o)
    0x080001c4   0x080001c4   0x00000000   Code   RO         2896    .ARM.Collect$$libshutdown$$0000000A  c_w.l(libshutdown2.o)
    0x080001c4   0x080001c4   0x00000000   Code   RO         2898    .ARM.Collect$$libshutdown$$0000000C  c_w.l(libshutdown2.o)
    0x080001c4   0x080001c4   0x00000000   Code   RO         2901    .ARM.Collect$$libshutdown$$0000000F  c_w.l(libshutdown2.o)
    0x080001c4   0x080001c4   0x00000002   Code   RO         2902    .ARM.Collect$$libshutdown$$00000010  c_w.l(libshutdown2.o)
    0x080001c6   0x080001c6   0x00000000   Code   RO         2715    .ARM.Collect$$rtentry$$00000000  c_w.l(__rtentry.o)
    0x080001c6   0x080001c6   0x00000000   Code   RO         2728    .ARM.Collect$$rtentry$$00000002  c_w.l(__rtentry2.o)
    0x080001c6   0x080001c6   0x00000006   Code   RO         2740    .ARM.Collect$$rtentry$$00000004  c_w.l(__rtentry4.o)
    0x080001cc   0x080001cc   0x00000000   Code   RO         2730    .ARM.Collect$$rtentry$$00000009  c_w.l(__rtentry2.o)
    0x080001cc   0x080001cc   0x00000004   Code   RO         2731    .ARM.Collect$$rtentry$$0000000A  c_w.l(__rtentry2.o)
    0x080001d0   0x080001d0   0x00000000   Code   RO         2733    .ARM.Collect$$rtentry$$0000000C  c_w.l(__rtentry2.o)
    0x080001d0   0x080001d0   0x00000008   Code   RO         2734    .ARM.Collect$$rtentry$$0000000D  c_w.l(__rtentry2.o)
    0x080001d8   0x080001d8   0x00000002   Code   RO         2909    .ARM.Collect$$rtexit$$00000000  c_w.l(rtexit.o)
    0x080001da   0x080001da   0x00000000   Code   RO         2957    .ARM.Collect$$rtexit$$00000002  c_w.l(rtexit2.o)
    0x080001da   0x080001da   0x00000004   Code   RO         2958    .ARM.Collect$$rtexit$$00000003  c_w.l(rtexit2.o)
    0x080001de   0x080001de   0x00000006   Code   RO         2959    .ARM.Collect$$rtexit$$00000004  c_w.l(rtexit2.o)
    0x080001e4   0x080001e4   0x00000000   Code   RO         2963    .emb_text           c_w.l(maybetermalloc1.o)
    0x080001e4   0x080001e4   0x00000040   Code   RO            4    .text               startup_stm32f103xe.o
    0x08000224   0x08000224   0x00000018   Code   RO         2679    .text               c_w.l(noretval__2printf.o)
    0x0800023c   0x0800023c   0x00000068   Code   RO         2681    .text               c_w.l(__printf.o)
    0x080002a4   0x080002a4   0x00000078   Code   RO         2683    .text               c_w.l(_printf_dec.o)
    0x0800031c   0x0800031c   0x0000003e   Code   RO         2707    .text               c_w.l(strlen.o)
    0x0800035a   0x0800035a   0x0000004e   Code   RO         2709    .text               c_w.l(rt_memclr_w.o)
    0x080003a8   0x080003a8   0x00000006   Code   RO         2711    .text               c_w.l(heapauxi.o)
    0x080003ae   0x080003ae   0x000000b2   Code   RO         2716    .text               c_w.l(_printf_intcommon.o)
    0x08000460   0x08000460   0x00000024   Code   RO         2718    .text               c_w.l(_printf_char_file.o)
    0x08000484   0x08000484   0x00000030   Code   RO         2742    .text               c_w.l(_printf_char_common.o)
    0x080004b4   0x080004b4   0x00000008   Code   RO         2744    .text               c_w.l(ferror.o)
    0x080004bc   0x080004bc   0x00000138   Code   RO         2746    .text               c_w.l(initio.o)
    0x080005f4   0x080005f4   0x00000066   Code   RO         2752    .text               c_w.l(sys_io.o)
    0x0800065a   0x0800065a   0x0000004a   Code   RO         2759    .text               c_w.l(sys_stackheap_outer.o)
    0x080006a4   0x080006a4   0x0000004e   Code   RO         2763    .text               c_w.l(h1_free.o)
    0x080006f2   0x080006f2   0x00000046   Code   RO         2819    .text               c_w.l(setvbuf.o)
    0x08000738   0x08000738   0x000000ec   Code   RO         2822    .text               c_w.l(fopen.o)
    0x08000824   0x08000824   0x0000004c   Code   RO         2824    .text               c_w.l(fclose.o)
    0x08000870   0x08000870   0x00000012   Code   RO         2830    .text               c_w.l(exit.o)
    0x08000882   0x08000882   0x0000000e   Code   RO         2832    .text               c_w.l(defsig_rtred_outer.o)
    0x08000890   0x08000890   0x00000008   Code   RO         2903    .text               c_w.l(libspace.o)
    0x08000898   0x08000898   0x00000002   Code   RO         2906    .text               c_w.l(use_no_semi.o)
    0x0800089a   0x0800089a   0x00000000   Code   RO         2908    .text               c_w.l(indicate_semi.o)
    0x0800089a   0x0800089a   0x00000002   PAD
    0x0800089c   0x0800089c   0x00000008   Code   RO         2916    .text               c_w.l(rt_heap_descriptor_intlibspace.o)
    0x080008a4   0x080008a4   0x00000004   Code   RO         2918    .text               c_w.l(hguard.o)
    0x080008a8   0x080008a8   0x0000008a   Code   RO         2920    .text               c_w.l(init_alloc.o)
    0x08000932   0x08000932   0x0000005e   Code   RO         2926    .text               c_w.l(h1_alloc.o)
    0x08000990   0x08000990   0x000000f8   Code   RO         2940    .text               c_w.l(fseek.o)
    0x08000a88   0x08000a88   0x000000f0   Code   RO         2942    .text               c_w.l(stdio.o)
    0x08000b78   0x08000b78   0x0000000a   Code   RO         2944    .text               c_w.l(defsig_exit.o)
    0x08000b82   0x08000b82   0x00000002   PAD
    0x08000b84   0x08000b84   0x00000034   Code   RO         2946    .text               c_w.l(defsig_rtred_inner.o)
    0x08000bb8   0x08000bb8   0x0000000c   Code   RO         2954    .text               c_w.l(sys_exit.o)
    0x08000bc4   0x08000bc4   0x0000000e   Code   RO         2965    .text               c_w.l(h1_init.o)
    0x08000bd2   0x08000bd2   0x00000034   Code   RO         2967    .text               c_w.l(h1_extend.o)
    0x08000c06   0x08000c06   0x00000042   Code   RO         2973    .text               c_w.l(ftell.o)
    0x08000c48   0x08000c48   0x00000032   Code   RO         2977    .text               c_w.l(defsig_general.o)
    0x08000c7a   0x08000c7a   0x0000000e   Code   RO         2979    .text               c_w.l(defsig_rtmem_outer.o)
    0x08000c88   0x08000c88   0x0000000e   Code   RO         2992    .text               c_w.l(sys_wrch.o)
    0x08000c96   0x08000c96   0x00000002   PAD
    0x08000c98   0x08000c98   0x00000008   Code   RO         2999    .text               c_w.l(rt_errno_addr_intlibspace.o)
    0x08000ca0   0x08000ca0   0x00000050   Code   RO         3005    .text               c_w.l(defsig_rtmem_inner.o)
    0x08000cf0   0x08000cf0   0x00000002   Code   RO          161    i.BusFault_Handler  stm32f1xx_it.o
    0x08000cf2   0x08000cf2   0x00000002   Code   RO          162    i.DebugMon_Handler  stm32f1xx_it.o
    0x08000cf4   0x08000cf4   0x00000046   Code   RO         1685    i.HAL_DMA_Abort     stm32f1xx_hal_dma.o
    0x08000d3a   0x08000d3a   0x00000002   PAD
    0x08000d3c   0x08000d3c   0x00000130   Code   RO         1686    i.HAL_DMA_Abort_IT  stm32f1xx_hal_dma.o
    0x08000e6c   0x08000e6c   0x00000024   Code   RO         1313    i.HAL_Delay         stm32f1xx_hal.o
    0x08000e90   0x08000e90   0x000001f8   Code   RO         1621    i.HAL_GPIO_Init     stm32f1xx_hal_gpio.o
    0x08001088   0x08001088   0x0000000a   Code   RO         1623    i.HAL_GPIO_ReadPin  stm32f1xx_hal_gpio.o
    0x08001092   0x08001092   0x0000000a   Code   RO         1625    i.HAL_GPIO_WritePin  stm32f1xx_hal_gpio.o
    0x0800109c   0x0800109c   0x0000000c   Code   RO         1317    i.HAL_GetTick       stm32f1xx_hal.o
    0x080010a8   0x080010a8   0x00000010   Code   RO         1323    i.HAL_IncTick       stm32f1xx_hal.o
    0x080010b8   0x080010b8   0x00000024   Code   RO         1324    i.HAL_Init          stm32f1xx_hal.o
    0x080010dc   0x080010dc   0x00000040   Code   RO         1325    i.HAL_InitTick      stm32f1xx_hal.o
    0x0800111c   0x0800111c   0x0000002c   Code   RO          249    i.HAL_MspInit       stm32f1xx_hal_msp.o
    0x08001148   0x08001148   0x0000001a   Code   RO         1781    i.HAL_NVIC_EnableIRQ  stm32f1xx_hal_cortex.o
    0x08001162   0x08001162   0x00000002   PAD
    0x08001164   0x08001164   0x00000040   Code   RO         1787    i.HAL_NVIC_SetPriority  stm32f1xx_hal_cortex.o
    0x080011a4   0x080011a4   0x00000024   Code   RO         1788    i.HAL_NVIC_SetPriorityGrouping  stm32f1xx_hal_cortex.o
    0x080011c8   0x080011c8   0x0000012c   Code   RO         1481    i.HAL_RCC_ClockConfig  stm32f1xx_hal_rcc.o
    0x080012f4   0x080012f4   0x00000020   Code   RO         1488    i.HAL_RCC_GetPCLK1Freq  stm32f1xx_hal_rcc.o
    0x08001314   0x08001314   0x00000020   Code   RO         1489    i.HAL_RCC_GetPCLK2Freq  stm32f1xx_hal_rcc.o
    0x08001334   0x08001334   0x0000006c   Code   RO         1490    i.HAL_RCC_GetSysClockFreq  stm32f1xx_hal_rcc.o
    0x080013a0   0x080013a0   0x00000320   Code   RO         1493    i.HAL_RCC_OscConfig  stm32f1xx_hal_rcc.o
    0x080016c0   0x080016c0   0x00000028   Code   RO         1792    i.HAL_SYSTICK_Config  stm32f1xx_hal_cortex.o
    0x080016e8   0x080016e8   0x00000002   Code   RO         1039    i.HAL_TIMEx_BreakCallback  stm32f1xx_hal_tim_ex.o
    0x080016ea   0x080016ea   0x00000002   Code   RO         1040    i.HAL_TIMEx_CommutCallback  stm32f1xx_hal_tim_ex.o
    0x080016ec   0x080016ec   0x0000007c   Code   RO         1058    i.HAL_TIMEx_MasterConfigSynchronization  stm32f1xx_hal_tim_ex.o
    0x08001768   0x08001768   0x0000005a   Code   RO          335    i.HAL_TIM_Base_Init  stm32f1xx_hal_tim.o
    0x080017c2   0x080017c2   0x00000002   PAD
    0x080017c4   0x080017c4   0x00000060   Code   RO          251    i.HAL_TIM_Base_MspInit  stm32f1xx_hal_msp.o
    0x08001824   0x08001824   0x00000064   Code   RO          338    i.HAL_TIM_Base_Start  stm32f1xx_hal_tim.o
    0x08001888   0x08001888   0x000000d6   Code   RO          344    i.HAL_TIM_ConfigClockSource  stm32f1xx_hal_tim.o
    0x0800195e   0x0800195e   0x00000002   Code   RO          369    i.HAL_TIM_IC_CaptureCallback  stm32f1xx_hal_tim.o
    0x08001960   0x08001960   0x00000166   Code   RO          383    i.HAL_TIM_IRQHandler  stm32f1xx_hal_tim.o
    0x08001ac6   0x08001ac6   0x00000002   Code   RO          386    i.HAL_TIM_OC_DelayElapsedCallback  stm32f1xx_hal_tim.o
    0x08001ac8   0x08001ac8   0x00000002   Code   RO          413    i.HAL_TIM_PWM_PulseFinishedCallback  stm32f1xx_hal_tim.o
    0x08001aca   0x08001aca   0x00000002   Code   RO          421    i.HAL_TIM_PeriodElapsedCallback  stm32f1xx_hal_tim.o
    0x08001acc   0x08001acc   0x00000002   Code   RO          426    i.HAL_TIM_TriggerCallback  stm32f1xx_hal_tim.o
    0x08001ace   0x08001ace   0x00000002   Code   RO         2292    i.HAL_UARTEx_RxEventCallback  stm32f1xx_hal_uart.o
    0x08001ad0   0x08001ad0   0x00000002   Code   RO         2306    i.HAL_UART_ErrorCallback  stm32f1xx_hal_uart.o
    0x08001ad2   0x08001ad2   0x00000002   PAD
    0x08001ad4   0x08001ad4   0x0000020c   Code   RO         2309    i.HAL_UART_IRQHandler  stm32f1xx_hal_uart.o
    0x08001ce0   0x08001ce0   0x00000062   Code   RO         2310    i.HAL_UART_Init     stm32f1xx_hal_uart.o
    0x08001d42   0x08001d42   0x00000002   PAD
    0x08001d44   0x08001d44   0x00000080   Code   RO          253    i.HAL_UART_MspInit  stm32f1xx_hal_msp.o
    0x08001dc4   0x08001dc4   0x00000002   Code   RO         2316    i.HAL_UART_RxCpltCallback  stm32f1xx_hal_uart.o
    0x08001dc6   0x08001dc6   0x00000002   PAD
    0x08001dc8   0x08001dc8   0x000000b2   Code   RO         2318    i.HAL_UART_Transmit  stm32f1xx_hal_uart.o
    0x08001e7a   0x08001e7a   0x00000002   Code   RO         2321    i.HAL_UART_TxCpltCallback  stm32f1xx_hal_uart.o
    0x08001e7c   0x08001e7c   0x00000002   Code   RO          163    i.HardFault_Handler  stm32f1xx_it.o
    0x08001e7e   0x08001e7e   0x00000002   PAD
    0x08001e80   0x08001e80   0x00000080   Code   RO           14    i.MX_GPIO_Init      main.o
    0x08001f00   0x08001f00   0x00000068   Code   RO           15    i.MX_TIM2_Init      main.o
    0x08001f68   0x08001f68   0x00000002   Code   RO          164    i.MemManage_Handler  stm32f1xx_it.o
    0x08001f6a   0x08001f6a   0x00000002   Code   RO          165    i.NMI_Handler       stm32f1xx_it.o
    0x08001f6c   0x08001f6c   0x00000002   Code   RO          166    i.PendSV_Handler    stm32f1xx_it.o
    0x08001f6e   0x08001f6e   0x00000002   Code   RO          167    i.SVC_Handler       stm32f1xx_it.o
    0x08001f70   0x08001f70   0x00000004   Code   RO          168    i.SysTick_Handler   stm32f1xx_it.o
    0x08001f74   0x08001f74   0x00000058   Code   RO           16    i.SystemClock_Config  main.o
    0x08001fcc   0x08001fcc   0x00000002   Code   RO         2639    i.SystemInit        system_stm32f1xx.o
    0x08001fce   0x08001fce   0x00000002   PAD
    0x08001fd0   0x08001fd0   0x0000000c   Code   RO          169    i.TIM2_IRQHandler   stm32f1xx_it.o
    0x08001fdc   0x08001fdc   0x0000008c   Code   RO          428    i.TIM_Base_SetConfig  stm32f1xx_hal_tim.o
    0x08002068   0x08002068   0x00000014   Code   RO          439    i.TIM_ETR_SetConfig  stm32f1xx_hal_tim.o
    0x0800207c   0x0800207c   0x00000010   Code   RO          440    i.TIM_ITRx_SetConfig  stm32f1xx_hal_tim.o
    0x0800208c   0x0800208c   0x00000022   Code   RO          446    i.TIM_TI1_ConfigInputStage  stm32f1xx_hal_tim.o
    0x080020ae   0x080020ae   0x00000024   Code   RO          448    i.TIM_TI2_ConfigInputStage  stm32f1xx_hal_tim.o
    0x080020d2   0x080020d2   0x00000010   Code   RO         2323    i.UART_DMAAbortOnError  stm32f1xx_hal_uart.o
    0x080020e2   0x080020e2   0x00000030   Code   RO         2333    i.UART_EndRxTransfer  stm32f1xx_hal_uart.o
    0x08002112   0x08002112   0x000000b6   Code   RO         2335    i.UART_Receive_IT   stm32f1xx_hal_uart.o
    0x080021c8   0x080021c8   0x000000b8   Code   RO         2336    i.UART_SetConfig    stm32f1xx_hal_uart.o
    0x08002280   0x08002280   0x00000064   Code   RO         2339    i.UART_WaitOnFlagUntilTimeout  stm32f1xx_hal_uart.o
    0x080022e4   0x080022e4   0x0000000c   Code   RO          170    i.USART2_IRQHandler  stm32f1xx_it.o
    0x080022f0   0x080022f0   0x00000002   Code   RO          171    i.UsageFault_Handler  stm32f1xx_it.o
    0x080022f2   0x080022f2   0x00000020   Code   RO         1794    i.__NVIC_SetPriority  stm32f1xx_hal_cortex.o
    0x08002312   0x08002312   0x00000002   PAD
    0x08002314   0x08002314   0x00000028   Code   RO           17    i.fputc             main.o
    0x0800233c   0x0800233c   0x000000e4   Code   RO           18    i.main              main.o
    0x08002420   0x08002420   0x00000010   Data   RO         2640    .constdata          system_stm32f1xx.o
    0x08002430   0x08002430   0x00000008   Data   RO         2641    .constdata          system_stm32f1xx.o
    0x08002438   0x08002438   0x00000004   Data   RO         2753    .constdata          c_w.l(sys_io.o)
    0x0800243c   0x0800243c   0x00000004   Data   RO         2754    .constdata          c_w.l(sys_io.o)
    0x08002440   0x08002440   0x00000004   Data   RO         2755    .constdata          c_w.l(sys_io.o)
    0x08002444   0x08002444   0x00000020   Data   RO         3030    Region$$Table       anon$$obj.o


    Execution Region RW_IRAM1 (Exec base: 0x20000000, Load base: 0x08002464, Size: 0x00000808, Max: 0x0000c000, ABSOLUTE)

    Exec Addr    Load Addr    Size         Type   Attr      Idx    E Section Name        Object

    0x20000000   0x08002464   0x00000001   Data   RW           20    .data               main.o
    0x20000001   0x08002465   0x00000003   PAD
    0x20000004   0x08002468   0x0000000c   Data   RW         1331    .data               stm32f1xx_hal.o
    0x20000010   0x08002474   0x00000004   Data   RW         2642    .data               system_stm32f1xx.o
    0x20000014   0x08002478   0x00000004   Data   RW         2724    .data               c_w.l(stdio_streams.o)
    0x20000018   0x0800247c   0x00000004   Data   RW         2725    .data               c_w.l(stdio_streams.o)
    0x2000001c   0x08002480   0x00000004   Data   RW         2726    .data               c_w.l(stdio_streams.o)
    0x20000020        -       0x0000008c   Zero   RW           19    .bss                main.o
    0x200000ac        -       0x00000054   Zero   RW         2721    .bss                c_w.l(stdio_streams.o)
    0x20000100        -       0x00000054   Zero   RW         2722    .bss                c_w.l(stdio_streams.o)
    0x20000154        -       0x00000054   Zero   RW         2723    .bss                c_w.l(stdio_streams.o)
    0x200001a8        -       0x00000060   Zero   RW         2904    .bss                c_w.l(libspace.o)
    0x20000208        -       0x00000200   Zero   RW            2    HEAP                startup_stm32f103xe.o
    0x20000408        -       0x00000400   Zero   RW            1    STACK               startup_stm32f103xe.o


==============================================================================

Image component sizes


      Code (inc. data)   RO Data    RW Data    ZI Data      Debug   Object Name

       588         86          0          1        140     490226   main.o
        64         26        304          0       1536        804   startup_stm32f103xe.o
       164         28          0         12          0       6445   stm32f1xx_hal.o
       198         14          0          0          0      28923   stm32f1xx_hal_cortex.o
       374          8          0          0          0       1811   stm32f1xx_hal_dma.o
       524         42          0          0          0       3503   stm32f1xx_hal_gpio.o
       268         28          0          0          0       2152   stm32f1xx_hal_msp.o
      1272        100          0          0          0       5152   stm32f1xx_hal_rcc.o
      1018         42          0          0          0      10074   stm32f1xx_hal_tim.o
       128         20          0          0          0       2341   stm32f1xx_hal_tim_ex.o
      1338         10          0          0          0       9592   stm32f1xx_hal_uart.o
        44         12          0          0          0       4556   stm32f1xx_it.o
         2          0         24          4          0       1075   system_stm32f1xx.o

    ----------------------------------------------------------------------
      6000        416        360         20       1676     566654   Object Totals
         0          0         32          0          0          0   (incl. Generated)
        18          0          0          3          0          0   (incl. Padding)

    ----------------------------------------------------------------------

      Code (inc. data)   RO Data    RW Data    ZI Data      Debug   Library Member Name

         8          0          0          0          0         68   __main.o
       104          0          0          0          0         84   __printf.o
         0          0          0          0          0          0   __rtentry.o
        12          0          0          0          0          0   __rtentry2.o
         6          0          0          0          0          0   __rtentry4.o
        52          8          0          0          0          0   __scatter.o
        26          0          0          0          0          0   __scatter_copy.o
        28          0          0          0          0          0   __scatter_zi.o
        48          6          0          0          0         96   _printf_char_common.o
        36          4          0          0          0         80   _printf_char_file.o
         6          0          0          0          0          0   _printf_d.o
       120         16          0          0          0         92   _printf_dec.o
       178          0          0          0          0         88   _printf_intcommon.o
         0          0          0          0          0          0   _printf_percent.o
         4          0          0          0          0          0   _printf_percent_end.o
        10          0          0          0          0         68   defsig_exit.o
        50          0          0          0          0         88   defsig_general.o
        80         58          0          0          0         76   defsig_rtmem_inner.o
        14          0          0          0          0         80   defsig_rtmem_outer.o
        52         38          0          0          0         76   defsig_rtred_inner.o
        14          0          0          0          0         80   defsig_rtred_outer.o
        18          0          0          0          0         80   exit.o
        76          0          0          0          0         88   fclose.o
         8          0          0          0          0         68   ferror.o
       236          4          0          0          0        128   fopen.o
       248          6          0          0          0         84   fseek.o
        66          0          0          0          0         76   ftell.o
        94          0          0          0          0         80   h1_alloc.o
        52          0          0          0          0         68   h1_extend.o
        78          0          0          0          0         80   h1_free.o
        14          0          0          0          0         84   h1_init.o
         6          0          0          0          0        152   heapauxi.o
         4          0          0          0          0        136   hguard.o
         0          0          0          0          0          0   indicate_semi.o
       138          0          0          0          0        168   init_alloc.o
       312         46          0          0          0        112   initio.o
         2          0          0          0          0          0   libinit.o
        14          0          0          0          0          0   libinit2.o
         2          0          0          0          0          0   libshutdown.o
         6          0          0          0          0          0   libshutdown2.o
         8          4          0          0         96         68   libspace.o
         0          0          0          0          0          0   maybetermalloc1.o
        24          4          0          0          0         84   noretval__2printf.o
         8          4          0          0          0         68   rt_errno_addr_intlibspace.o
         8          4          0          0          0         68   rt_heap_descriptor_intlibspace.o
        78          0          0          0          0         80   rt_memclr_w.o
         2          0          0          0          0          0   rtexit.o
        10          0          0          0          0          0   rtexit2.o
        70          0          0          0          0         80   setvbuf.o
       240          6          0          0          0        156   stdio.o
         0          0          0         12        252          0   stdio_streams.o
        62          0          0          0          0         76   strlen.o
        12          4          0          0          0         68   sys_exit.o
       102          0         12          0          0        240   sys_io.o
        74          0          0          0          0         80   sys_stackheap_outer.o
        14          0          0          0          0         76   sys_wrch.o
         2          0          0          0          0         68   use_no_semi.o

    ----------------------------------------------------------------------
      2944        212         12         12        348       3592   Library Totals
         8          0          0          0          0          0   (incl. Padding)

    ----------------------------------------------------------------------

      Code (inc. data)   RO Data    RW Data    ZI Data      Debug   Library Name

      2936        212         12         12        348       3592   c_w.l

    ----------------------------------------------------------------------
      2944        212         12         12        348       3592   Library Totals

    ----------------------------------------------------------------------

==============================================================================


      Code (inc. data)   RO Data    RW Data    ZI Data      Debug   

      8944        628        372         32       2024     565042   Grand Totals
      8944        628        372         32       2024     565042   ELF Image Totals
      8944        628        372         32          0          0   ROM Totals

==============================================================================

    Total RO  Size (Code + RO Data)                 9316 (   9.10kB)
    Total RW  Size (RW Data + ZI Data)              2056 (   2.01kB)
    Total ROM Size (Code + RO Data + RW Data)       9348 (   9.13kB)

==============================================================================

